Microchip MPLAB XC8 Compiler V2.10 ()

Linker command line:

-W-3 --edf=/opt/microchip/xc8/v2.10/pic/dat/en_msgs.txt -cs \
  -h+dist/default/production/ProyectoFinal.X.production.sym \
  --cmf=dist/default/production/ProyectoFinal.X.production.cmf -z \
  -Q18F45K50 -o/tmp/xcXzPqqcU --defsym=__MPLAB_BUILD=1 \
  -Mdist/default/production/ProyectoFinal.X.production.map -E1 -ver=XC8 \
  --acfsm=1493 -ASTACK=0185h-07FFh -pstack=STACK -ACODE=00h-07FFFh \
  -ACONST=00h-07FFFh -ASMALLCONST=0800h-08FFhx120 \
  -AMEDIUMCONST=0800h-07FFFh -ACOMRAM=01h-05Fh -AABS1=00h-07FFh \
  -ABIGRAM=01h-07FFh -ARAM=060h-0FFh,0100h-01FFhx7 -ABANK0=060h-0FFh \
  -ABANK1=0100h-01FFh -ABANK2=0200h-02FFh -ABANK3=0300h-03FFh \
  -ABANK4=0400h-04FFh -ABANK5=0500h-05FFh -ABANK6=0600h-06FFh \
  -ABANK7=0700h-07FFh -ASFR=0F53h-0F5Fh,0F60h-0FFFh \
  -preset_vec=00h,intcode=08h,intcodelo=018h,powerup,init -pramtop=0800h \
  -psmallconst=SMALLCONST -pmediumconst=MEDIUMCONST -pconst=CONST \
  -AFARRAM=00h-00h -ACONFIG=0300000h-030000Dh -pconfig=CONFIG \
  -AIDLOC=0200000h-0200007h -pidloc=IDLOC -AEEDATA=0F00000h-0F000FFh \
  -peeprom_data=EEDATA \
  -prdata=COMRAM,nvrram=COMRAM,nvbit=COMRAM,rbss=COMRAM,rbit=COMRAM \
  -pfarbss=FARRAM,fardata=FARRAM,nvFARRAM=FARRAM \
  -pintsave_regs=BIGRAM,bigbss=BIGRAM,bigdata=BIGRAM -pbss=RAM \
  -pidata=CODE,irdata=CODE,ibigdata=CODE,ifardata=CODE -prparam=COMRAM \
  /tmp/xcXBHuSai.o dist/default/production/ProyectoFinal.X.production.o 

Object code version is 3.11

Machine type is 18F45K50

Call graph: (short form)




                Name                               Link     Load   Length Selector   Space Scale
/tmp/xcXBHuSai.o
                init                                 36       36        4        C       0
                reset_vec                             0        0        4        0       0
                idloc                            200000   200000        8   200000       0
                config                           300000   300000        E   300000       0
dist/default/production/ProyectoFinal.X.production.o
                intcodelo                            18       18       1E        C       0
                intcode                               8        8        6        4       0
                temp                                 5F       5F        1        1       1
                smallconst                          800      800       36      400       0
                text60                             48A6     48A6       9C      41B       0
                text59                             36E8     36E8      130      41B       0
                text58                             3942     3942      12A      41B       0
                text57                             4802     4802       A4      41B       0
                text56                             4170     4170       CC      41B       0
                text55                             2F88     2F88      1B4      41B       0
                text54                             4F42     4F42       26      41B       0
                text53                             4E56     4E56       38      41B       0
                text52                             4BFE     4BFE       52      41B       0
                text51                             313C     313C      190      41B       0
                text50                             32CC     32CC      188      41B       0
                text49                             3454     3454      164      41B       0
                text48                             4D6A     4D6A       40      41B       0
                text47                             4F9A     4F9A        2      41B       0
                text46                             423C     423C       CA      41B       0
                text45                             4D26     4D26       44      41B       0
                text44                             4E8E     4E8E       36      41B       0
                text43                             4490     4490       C2      41B       0
                text42                             259E     259E      2E0      41B       0
                text41                             43CC     43CC       C4      41B       0
                text40                             4602     4602       B0      41B       0
                text39                             2204     2204      39A      41B       0
                text38                             46B2     46B2       AA      41B       0
                text37                             3DB6     3DB6      104      41B       0
                text36                             1DDA     1DDA      42A      41B       0
                text35                             4E1E     4E1E       38      41B       0
                text34                             191A     191A      4C0      41B       0
                text33                             4CE0     4CE0       46      41B       0
                text32                             3CB0     3CB0      106      41B       0
                text31                             3EBA     3EBA       FE      41B       0
                text30                             2D76     2D76      212      41B       0
                text29                             4B50     4B50       5C      41B       0
                text28                             4DE6     4DE6       38      41B       0
                text27                             4AF0     4AF0       60      41B       0
                text26                              836      836      BB2      41B       0
                text25                             409A     409A       D6      41B       0
                text24                             13E8     13E8      532      41B       0
                text23                             4A8E     4A8E       62      41B       0
                text22                             4BAC     4BAC       52      41B       0
                text21                             4F1C     4F1C       26      41B       0
                text20                             4EF0     4EF0       2C      41B       0
                text19                             4F88     4F88        E      41B       0
                intcode_body                       287E     287E      2B6      41B       0
                text16                             4F68     4F68       12      41B       0
                text15                             4DAA     4DAA       3C      41B       0
                text14                             475C     475C       A6      41B       0
                text13                             49B8     49B8       6C      41B       0
                text12                             2B34     2B34      242      41B       0
                text11                             4942     4942       76      41B       0
                text10                             3B8E     3B8E      122      41B       0
                text9                              4306     4306       C6      41B       0
                text8                              3A6C     3A6C      122      41B       0
                text7                              4A24     4A24       6A      41B       0
                text6                              3FB8     3FB8       E2      41B       0
                text5                              35B8     35B8      130      41B       0
                text4                              3818     3818      12A      41B       0
                text3                              4C9A     4C9A       46      41B       0
                text2                              4EC4     4EC4       2C      41B       0
                text1                              4F7A     4F7A        E      41B       0
                text0                              4552     4552       B0      41B       0
                cstackCOMRAM                          1        1       5C        1       1
                cstackBANK0                          60       60       88       60       1
                cstackBANK1                         150      150       31      100       1
                dataBANK1                           181      181        4      100       1
                bssBANK1                            100      100       50      100       1
                bssBANK0                             E8       E8       14       60       1
                bssCOMRAM                            5D       5D        2        1       1
                cinit                              4C50     4C50       4A      41B       0
                idataBANK1                         4F96     4F96        4      41B       0

TOTAL           Name                               Link     Load   Length     Space
        CLASS   STACK          

        CLASS   CODE           
                intcodelo                            18       18       1E         0
                intcode                               8        8        6         0
                init                                 36       36        4         0
                reset_vec                             0        0        4         0
                text60                             48A6     48A6       9C         0
                text59                             36E8     36E8      130         0
                text58                             3942     3942      12A         0
                text57                             4802     4802       A4         0
                text56                             4170     4170       CC         0
                text55                             2F88     2F88      1B4         0
                text54                             4F42     4F42       26         0
                text53                             4E56     4E56       38         0
                text52                             4BFE     4BFE       52         0
                text51                             313C     313C      190         0
                text50                             32CC     32CC      188         0
                text49                             3454     3454      164         0
                text48                             4D6A     4D6A       40         0
                text47                             4F9A     4F9A        2         0
                text46                             423C     423C       CA         0
                text45                             4D26     4D26       44         0
                text44                             4E8E     4E8E       36         0
                text43                             4490     4490       C2         0
                text42                             259E     259E      2E0         0
                text41                             43CC     43CC       C4         0
                text40                             4602     4602       B0         0
                text39                             2204     2204      39A         0
                text38                             46B2     46B2       AA         0
                text37                             3DB6     3DB6      104         0
                text36                             1DDA     1DDA      42A         0
                text35                             4E1E     4E1E       38         0
                text34                             191A     191A      4C0         0
                text33                             4CE0     4CE0       46         0
                text32                             3CB0     3CB0      106         0
                text31                             3EBA     3EBA       FE         0
                text30                             2D76     2D76      212         0
                text29                             4B50     4B50       5C         0
                text28                             4DE6     4DE6       38         0
                text27                             4AF0     4AF0       60         0
                text26                              836      836      BB2         0
                text25                             409A     409A       D6         0
                text24                             13E8     13E8      532         0
                text23                             4A8E     4A8E       62         0
                text22                             4BAC     4BAC       52         0
                text21                             4F1C     4F1C       26         0
                text20                             4EF0     4EF0       2C         0
                text19                             4F88     4F88        E         0
                intcode_body                       287E     287E      2B6         0
                text16                             4F68     4F68       12         0
                text15                             4DAA     4DAA       3C         0
                text14                             475C     475C       A6         0
                text13                             49B8     49B8       6C         0
                text12                             2B34     2B34      242         0
                text11                             4942     4942       76         0
                text10                             3B8E     3B8E      122         0
                text9                              4306     4306       C6         0
                text8                              3A6C     3A6C      122         0
                text7                              4A24     4A24       6A         0
                text6                              3FB8     3FB8       E2         0
                text5                              35B8     35B8      130         0
                text4                              3818     3818      12A         0
                text3                              4C9A     4C9A       46         0
                text2                              4EC4     4EC4       2C         0
                text1                              4F7A     4F7A        E         0
                text0                              4552     4552       B0         0
                cinit                              4C50     4C50       4A         0
                idataBANK1                         4F96     4F96        4         0

        CLASS   CONST          

        CLASS   SMALLCONST     
                smallconst                          800      800       36         0

        CLASS   MEDIUMCONST    

        CLASS   COMRAM         
                temp                                 5F       5F        1         1
                cstackCOMRAM                          1        1       5C         1
                bssCOMRAM                            5D       5D        2         1

        CLASS   ABS1           

        CLASS   BIGRAM         

        CLASS   RAM            

        CLASS   BANK0          
                cstackBANK0                          60       60       88         1
                bssBANK0                             E8       E8       14         1

        CLASS   BANK1          
                cstackBANK1                         150      150       31         1
                dataBANK1                           181      181        4         1
                bssBANK1                            100      100       50         1

        CLASS   BANK2          

        CLASS   BANK3          

        CLASS   BANK4          

        CLASS   BANK5          

        CLASS   BANK6          

        CLASS   BANK7          

        CLASS   SFR            

        CLASS   FARRAM         

        CLASS   CONFIG         
                config                           300000   300000        E         0

        CLASS   IDLOC          
                idloc                            200000   200000        8         0

        CLASS   EEDATA         



SEGMENTS        Name                           Load    Length   Top    Selector   Space  Class

                reset_vec                      000000  000004  000004         0       0  CODE    
                cstackCOMRAM                   000001  00005F  000060         1       1  COMRAM  
                intcode                        000008  000006  00000E         4       0  CODE    
                intcodelo                      000018  000022  00003A         C       0  CODE    
                cstackBANK0                    000060  00009C  0000FC        60       1  BANK0   
                bssBANK1                       000100  000085  000185       100       1  BANK1   
                smallconst                     000800  000036  000836       400       0  SMALLCON
                text26                         000836  004766  004F9C       41B       0  CODE    
                idloc                          200000  000008  200008    200000       0  IDLOC   
                config                         300000  00000E  30000E    300000       0  CONFIG  


UNUSED ADDRESS RANGES

        Name                Unused          Largest block    Delta
        BANK0            0000FC-0000FF                4
        BANK1            000185-0001FF               7B
        BANK2            000200-0002FF              100
        BANK3            000300-0003FF              100
        BANK4            000400-0004FF              100
        BANK5            000500-0005FF              100
        BANK6            000600-0006FF              100
        BANK7            000700-0007FF              100
        BIGRAM           0000FC-0000FF                4
                         000185-0007FF              67B
        CODE             000004-000007                4
                         00000E-000017                A
                         00003A-0007FF              7C6
                         004F9C-007FFF             3064
        CONST            000004-000007                4
                         00000E-000017                A
                         00003A-0007FF              7C6
                         004F9C-007FFF             3064
        EEDATA           F00000-F000FF              100
        MEDIUMCONST      004F9C-007FFF             3064
        RAM              0000FC-0000FF                4
                         000185-0007FF              100
        SFR              000F53-000FFF                D
        SMALLCONST       004F9C-007FFF              100
        STACK            000185-0007FF              67B

                                  Symbol Table

?_ADC_Read                 cstackCOMRAM 000001
?___aodiv                  cstackCOMRAM 000001
?___aomod                  cstackCOMRAM 000001
?___awdiv                  cstackCOMRAM 000001
?___awmod                  cstackCOMRAM 000001
?___fladd                  cstackCOMRAM 000001
?___fldiv                  cstackCOMRAM 000001
?___flmul                  cstackCOMRAM 00001A
?___flneg                  cstackCOMRAM 000001
?___flsub                  cstackCOMRAM 000033
?___fltol                  cstackCOMRAM 000033
?___fpclassifyf            cstackCOMRAM 000001
?___lldiv                  cstackBANK1  000151
?___lmul                   cstackBANK1  000151
?___lwdiv                  cstackBANK1  000151
?___wmul                   cstackCOMRAM 000001
?___xxtofl                 cstackCOMRAM 000001
?_abs                      cstackCOMRAM 000013
?_atoi                     cstackCOMRAM 000008
?_dtoa                     cstackCOMRAM 00001C
?_efgtoa                   cstackCOMRAM 00003F
?_floorf                   cstackCOMRAM 00001A
?_isdigit                  cstackCOMRAM 000001
?_isspace                  cstackCOMRAM 000001
?_isupper                  cstackCOMRAM 000001
?_pad                      cstackCOMRAM 000011
?_sprintf                  cstackBANK0  0000AC
?_strlen                   cstackCOMRAM 000001
?_strncmp                  cstackCOMRAM 000001
?_tolower                  cstackCOMRAM 000007
?_vfpfcnvrt                cstackCOMRAM 00004B
?_vfprintf                 cstackCOMRAM 000055
ADC_Read@channel           cstackCOMRAM 000001
ADC_Read@digital           cstackCOMRAM 000007
Dutty_Pwm@delay            cstackBANK1  00017A
Dutty_Pwm@fpwm             cstackBANK1  000178
Dutty_Pwm@i                cstackBANK1  00017C
Dutty_Pwm@k                cstackBANK1  00017E
INT_EX_0@data              cstackBANK0  0000D4
INT_EX_0@digital           cstackBANK0  0000DE
INT_EX_0@i                 cstackBANK0  0000E0
INT_EX_0@j                 cstackBANK0  0000E2
INT_EX_0@temp              cstackBANK0  0000CA
INT_EX_0@voltage           cstackBANK0  0000E4
Lcd_Chr_CP@data            cstackCOMRAM 000003
Lcd_Cmd@data               cstackBANK1  000153
Lcd_Init@data              cstackBANK1  000155
Lcd_Out2@buffer            cstackCOMRAM 000005
Lcd_Out2@data              cstackCOMRAM 00000A
Lcd_Out2@x                 cstackCOMRAM 000004
Lcd_Out2@y                 cstackCOMRAM 000009
Lcd_Out@buffer             cstackCOMRAM 000005
Lcd_Out@data               cstackCOMRAM 00000A
Lcd_Out@x                  cstackCOMRAM 000004
Lcd_Out@y                  cstackCOMRAM 000009
PWM_generar@AuxCCP2CON     cstackBANK1  000168
PWM_generar@AuxCCPR2L      cstackBANK1  00016E
PWM_generar@PR2cal         cstackBANK1  00016A
PWM_generar@duty           cstackBANK1  00015E
PWM_generar@fpwm           cstackBANK1  000160
PWM_generar@prescalador    cstackBANK1  000166
_ADCON0                    (abs)        000FC2
_ADCON0bits                (abs)        000FC2
_ADCON1                    (abs)        000FC1
_ADCON2                    (abs)        000FC0
_ADC_Init                  text16       004F68
_ADC_Read                  text60       0048A6
_ADON                      (abs)        007E10
_ADRESH                    (abs)        000FC4
_ADRESL                    (abs)        000FC3
_ANSELA                    (abs)        000F5B
_ANSELB                    (abs)        000F5C
_ANSELC                    (abs)        000F5D
_ANSELD                    (abs)        000F5E
_ANSELE                    (abs)        000F5F
_CCP2CON                   (abs)        000F97
_CCPR2L                    (abs)        000F90
_CEN                       dataBANK1    000183
_CEN2                      dataBANK1    000181
_Dutty_Pwm                 text6        003FB8
_EEADR                     (abs)        000FA9
_EECON1bits                (abs)        000FA6
_EECON2                    (abs)        000FA7
_EEDATA                    (abs)        000FA8
_GO                        (abs)        007E11
_INTCON2bits               (abs)        000FF1
_INTCON3bits               (abs)        000FF0
_INTCONbits                (abs)        000FF2
_INT_EXT_1                 intcodelo    000018
_INT_EX_0                  intcode      000008
_LATA                      (abs)        000F89
_LATB                      (abs)        000F8A
_LATE                      (abs)        000F8D
_LATEbits                  (abs)        000F8D
_Lcd_Chr_CP                text59       0036E8
_Lcd_Cmd                   text5        0035B8
_Lcd_Init                  text4        003818
_Lcd_Out                   text57       004802
_Lcd_Out2                  text56       004170
_OSCCON                    (abs)        000FD3
_PIR2bits                  (abs)        000FA1
_PORTA                     (abs)        000F80
_PORTB                     (abs)        000F81
_PORTBbits                 (abs)        000F81
_PORTC                     (abs)        000F82
_PORTD                     (abs)        000F83
_PORTDbits                 (abs)        000F83
_PORTE                     (abs)        000F84
_PR2                       (abs)        000FBB
_PWM_generar               text12       002B34
_RCONbits                  (abs)        000FD0
_T2CON                     (abs)        000FBA
_T2CONbits                 (abs)        000FBA
_TMR2                      (abs)        000FBC
_TRISA                     (abs)        000F92
_TRISB                     (abs)        000F93
_TRISC                     (abs)        000F94
_TRISCbits                 (abs)        000F94
_TRISDbits                 (abs)        000F95
_TRISE                     (abs)        000F96
__CFG_BOREN$SBORDIS        (abs)        000000
__CFG_BORV$190             (abs)        000000
__CFG_CCP2MX$RC1           (abs)        000000
__CFG_CFGPLLEN$OFF         (abs)        000000
__CFG_CP0$OFF              (abs)        000000
__CFG_CP1$OFF              (abs)        000000
__CFG_CP2$OFF              (abs)        000000
__CFG_CP3$OFF              (abs)        000000
__CFG_CPB$OFF              (abs)        000000
__CFG_CPD$OFF              (abs)        000000
__CFG_CPUDIV$NOCLKDIV      (abs)        000000
__CFG_EBTR0$OFF            (abs)        000000
__CFG_EBTR1$OFF            (abs)        000000
__CFG_EBTR2$OFF            (abs)        000000
__CFG_EBTR3$OFF            (abs)        000000
__CFG_EBTRB$OFF            (abs)        000000
__CFG_FCMEN$OFF            (abs)        000000
__CFG_FOSC$INTOSCIO        (abs)        000000
__CFG_ICPRT$OFF            (abs)        000000
__CFG_IESO$OFF             (abs)        000000
__CFG_LS48MHZ$SYS24X4      (abs)        000000
__CFG_LVP$OFF              (abs)        000000
__CFG_MCLRE$ON             (abs)        000000
__CFG_PBADEN$ON            (abs)        000000
__CFG_PCLKEN$OFF           (abs)        000000
__CFG_PLLSEL$PLL4X         (abs)        000000
__CFG_SDOMX$RB3            (abs)        000000
__CFG_STVREN$ON            (abs)        000000
__CFG_T3CMX$RC0            (abs)        000000
__CFG_WDTEN$OFF            (abs)        000000
__CFG_WDTPS$32768          (abs)        000000
__CFG_WRT0$OFF             (abs)        000000
__CFG_WRT1$OFF             (abs)        000000
__CFG_WRT2$OFF             (abs)        000000
__CFG_WRT3$OFF             (abs)        000000
__CFG_WRTB$OFF             (abs)        000000
__CFG_WRTC$OFF             (abs)        000000
__CFG_WRTD$OFF             (abs)        000000
__CFG_XINST$OFF            (abs)        000000
__CFG_nLPBOR$OFF           (abs)        000000
__CFG_nPWRTEN$ON           (abs)        000000
__HRAM                     (abs)        000000
__Habs1                    abs1         000000
__Hbank0                   bank0        000000
__Hbank1                   bank1        000000
__Hbank2                   bank2        000000
__Hbank3                   bank3        000000
__Hbank4                   bank4        000000
__Hbank5                   bank5        000000
__Hbank6                   bank6        000000
__Hbank7                   bank7        000000
__Hbigbss                  bigbss       000000
__Hbigdata                 bigdata      000000
__Hbigram                  bigram       000000
__Hbss                     bss          000000
__HbssBANK0                bssBANK0     000000
__HbssBANK1                bssBANK1     000000
__HbssCOMRAM               bssCOMRAM    000000
__Hcinit                   cinit        000000
__Hclrtext                 clrtext      000000
__Hcomram                  comram       000000
__Hconfig                  config       30000E
__Hconst                   const        000000
__HcstackBANK0             cstackBANK0  000000
__HcstackBANK1             cstackBANK1  000000
__HcstackCOMRAM            cstackCOMRAM 000000
__Hdata                    data         000000
__HdataBANK1               dataBANK1    000000
__Heeprom_data             eeprom_data  000000
__Hfarbss                  farbss       000000
__Hfardata                 fardata      000000
__Hibigdata                ibigdata     000000
__Hidata                   idata        000000
__HidataBANK1              idataBANK1   000000
__Hidloc                   idloc        200008
__Hifardata                ifardata     000000
__Hinit                    init         00003A
__Hintcode                 intcode      00000E
__Hintcode_body            intcode_body 000000
__Hintcodelo               intcodelo    000036
__Hintentry                intentry     000000
__Hintret                  intret       000000
__Hintsave_regs            intsave_regs 000000
__Hirdata                  irdata       000000
__Hmediumconst             mediumconst  000000
__HnvFARRAM                nvFARRAM     000000
__Hnvbit                   nvbit        000000
__Hnvrram                  nvrram       000000
__Hparam                   rparam       000000
__Hpowerup                 powerup      000036
__Hram                     ram          000000
__Hramtop                  ramtop       000800
__Hrbit                    rbit         000000
__Hrbss                    rbss         000000
__Hrdata                   rdata        000000
__Hreset_vec               reset_vec    000004
__Hrparam                  rparam       000000
__Hsfr                     sfr          000000
__Hsmallconst              smallconst   000836
__Hspace_0                 (abs)        30000E
__Hspace_1                 (abs)        000185
__Hspace_2                 (abs)        000000
__Hstack                   stack        000000
__Hstruct                  struct       000000
__Htemp                    temp         000060
__Htext                    text         000000
__Htext0                   text0        000000
__Htext1                   text1        000000
__Htext10                  text10       000000
__Htext11                  text11       000000
__Htext12                  text12       000000
__Htext13                  text13       000000
__Htext14                  text14       000000
__Htext15                  text15       000000
__Htext16                  text16       000000
__Htext19                  text19       000000
__Htext2                   text2        000000
__Htext20                  text20       000000
__Htext21                  text21       000000
__Htext22                  text22       000000
__Htext23                  text23       000000
__Htext24                  text24       000000
__Htext25                  text25       000000
__Htext26                  text26       000000
__Htext27                  text27       000000
__Htext28                  text28       000000
__Htext29                  text29       000000
__Htext3                   text3        000000
__Htext30                  text30       000000
__Htext31                  text31       000000
__Htext32                  text32       000000
__Htext33                  text33       000000
__Htext34                  text34       000000
__Htext35                  text35       000000
__Htext36                  text36       000000
__Htext37                  text37       000000
__Htext38                  text38       000000
__Htext39                  text39       000000
__Htext4                   text4        000000
__Htext40                  text40       000000
__Htext41                  text41       000000
__Htext42                  text42       000000
__Htext43                  text43       000000
__Htext44                  text44       000000
__Htext45                  text45       000000
__Htext46                  text46       000000
__Htext47                  text47       000000
__Htext48                  text48       000000
__Htext49                  text49       000000
__Htext5                   text5        000000
__Htext50                  text50       000000
__Htext51                  text51       000000
__Htext52                  text52       000000
__Htext53                  text53       000000
__Htext54                  text54       000000
__Htext55                  text55       000000
__Htext56                  text56       000000
__Htext57                  text57       000000
__Htext58                  text58       000000
__Htext59                  text59       000000
__Htext6                   text6        000000
__Htext60                  text60       000000
__Htext7                   text7        000000
__Htext8                   text8        000000
__Htext9                   text9        000000
__LRAM                     (abs)        000001
__Labs1                    abs1         000000
__Lbank0                   bank0        000000
__Lbank1                   bank1        000000
__Lbank2                   bank2        000000
__Lbank3                   bank3        000000
__Lbank4                   bank4        000000
__Lbank5                   bank5        000000
__Lbank6                   bank6        000000
__Lbank7                   bank7        000000
__Lbigbss                  bigbss       000000
__Lbigdata                 bigdata      000000
__Lbigram                  bigram       000000
__Lbss                     bss          000000
__LbssBANK0                bssBANK0     000000
__LbssBANK1                bssBANK1     000000
__LbssCOMRAM               bssCOMRAM    000000
__Lcinit                   cinit        000000
__Lclrtext                 clrtext      000000
__Lcomram                  comram       000000
__Lconfig                  config       300000
__Lconst                   const        000000
__LcstackBANK0             cstackBANK0  000000
__LcstackBANK1             cstackBANK1  000000
__LcstackCOMRAM            cstackCOMRAM 000000
__Ldata                    data         000000
__LdataBANK1               dataBANK1    000000
__Leeprom_data             eeprom_data  000000
__Lfarbss                  farbss       000000
__Lfardata                 fardata      000000
__Libigdata                ibigdata     000000
__Lidata                   idata        000000
__LidataBANK1              idataBANK1   000000
__Lidloc                   idloc        200000
__Lifardata                ifardata     000000
__Linit                    init         000036
__Lintcode                 intcode      000008
__Lintcode_body            intcode_body 000000
__Lintcodelo               intcodelo    000018
__Lintentry                intentry     000000
__Lintret                  intret       000000
__Lintsave_regs            intsave_regs 000000
__Lirdata                  irdata       000000
__Lmediumconst             mediumconst  000000
__LnvFARRAM                nvFARRAM     000000
__Lnvbit                   nvbit        000000
__Lnvrram                  nvrram       000000
__Lparam                   rparam       000000
__Lpowerup                 powerup      000036
__Lram                     ram          000000
__Lramtop                  ramtop       000800
__Lrbit                    rbit         000000
__Lrbss                    rbss         000000
__Lrdata                   rdata        000000
__Lreset_vec               reset_vec    000000
__Lrparam                  rparam       000000
__Lsfr                     sfr          000000
__Lsmallconst              smallconst   000800
__Lspace_0                 (abs)        000000
__Lspace_1                 (abs)        000000
__Lspace_2                 (abs)        000000
__Lstack                   stack        000000
__Lstruct                  struct       000000
__Ltemp                    temp         00005F
__Ltext                    text         000000
__Ltext0                   text0        000000
__Ltext1                   text1        000000
__Ltext10                  text10       000000
__Ltext11                  text11       000000
__Ltext12                  text12       000000
__Ltext13                  text13       000000
__Ltext14                  text14       000000
__Ltext15                  text15       000000
__Ltext16                  text16       000000
__Ltext19                  text19       000000
__Ltext2                   text2        000000
__Ltext20                  text20       000000
__Ltext21                  text21       000000
__Ltext22                  text22       000000
__Ltext23                  text23       000000
__Ltext24                  text24       000000
__Ltext25                  text25       000000
__Ltext26                  text26       000000
__Ltext27                  text27       000000
__Ltext28                  text28       000000
__Ltext29                  text29       000000
__Ltext3                   text3        000000
__Ltext30                  text30       000000
__Ltext31                  text31       000000
__Ltext32                  text32       000000
__Ltext33                  text33       000000
__Ltext34                  text34       000000
__Ltext35                  text35       000000
__Ltext36                  text36       000000
__Ltext37                  text37       000000
__Ltext38                  text38       000000
__Ltext39                  text39       000000
__Ltext4                   text4        000000
__Ltext40                  text40       000000
__Ltext41                  text41       000000
__Ltext42                  text42       000000
__Ltext43                  text43       000000
__Ltext44                  text44       000000
__Ltext45                  text45       000000
__Ltext46                  text46       000000
__Ltext47                  text47       000000
__Ltext48                  text48       000000
__Ltext49                  text49       000000
__Ltext5                   text5        000000
__Ltext50                  text50       000000
__Ltext51                  text51       000000
__Ltext52                  text52       000000
__Ltext53                  text53       000000
__Ltext54                  text54       000000
__Ltext55                  text55       000000
__Ltext56                  text56       000000
__Ltext57                  text57       000000
__Ltext58                  text58       000000
__Ltext59                  text59       000000
__Ltext6                   text6        000000
__Ltext60                  text60       000000
__Ltext7                   text7        000000
__Ltext8                   text8        000000
__Ltext9                   text9        000000
__S0                       (abs)        30000E
__S1                       (abs)        000185
__S2                       (abs)        000000
___aodiv                   text50       0032CC
___aodiv@counter           cstackCOMRAM 000011
___aodiv@dividend          cstackCOMRAM 000001
___aodiv@divisor           cstackCOMRAM 000009
___aodiv@quotient          cstackCOMRAM 000013
___aodiv@sign              cstackCOMRAM 000012
___aomod                   text49       003454
___aomod@counter           cstackCOMRAM 000011
___aomod@dividend          cstackCOMRAM 000001
___aomod@divisor           cstackCOMRAM 000009
___aomod@sign              cstackCOMRAM 000012
___awdiv                   text41       0043CC
___awdiv@counter           cstackCOMRAM 000005
___awdiv@dividend          cstackCOMRAM 000001
___awdiv@divisor           cstackCOMRAM 000003
___awdiv@quotient          cstackCOMRAM 000007
___awdiv@sign              cstackCOMRAM 000006
___awmod                   text40       004602
___awmod@counter           cstackCOMRAM 000005
___awmod@dividend          cstackCOMRAM 000001
___awmod@divisor           cstackCOMRAM 000003
___awmod@sign              cstackCOMRAM 000006
___fladd                   text34       00191A
___fladd@a                 cstackCOMRAM 000005
___fladd@aexp              cstackCOMRAM 00000E
___fladd@b                 cstackCOMRAM 000001
___fladd@bexp              cstackCOMRAM 00000F
___fladd@grs               cstackCOMRAM 000010
___fladd@signs             cstackCOMRAM 00000D
___fldiv                   text39       002204
___fldiv@a                 cstackCOMRAM 000005
___fldiv@aexp              cstackCOMRAM 000019
___fldiv@b                 cstackCOMRAM 000001
___fldiv@bexp              cstackCOMRAM 000018
___fldiv@grs               cstackCOMRAM 000014
___fldiv@new_exp           cstackCOMRAM 000012
___fldiv@rem               cstackCOMRAM 00000D
___fldiv@sign              cstackCOMRAM 000011
___fleq                    text38       0046B2
___fleq@ff1                cstackCOMRAM 000001
___fleq@ff2                cstackCOMRAM 000005
___flge                    text37       003DB6
___flge@ff1                cstackCOMRAM 000033
___flge@ff2                cstackCOMRAM 000037
___flmul                   text36       001DDA
___flmul@a                 cstackCOMRAM 00001E
___flmul@aexp              cstackCOMRAM 00002B
___flmul@b                 cstackCOMRAM 00001A
___flmul@bexp              cstackCOMRAM 00002C
___flmul@grs               cstackCOMRAM 000027
___flmul@prod              cstackCOMRAM 00002D
___flmul@sign              cstackCOMRAM 000026
___flmul@temp              cstackCOMRAM 000031
___flneg                   text35       004E1E
___flneg@f1                cstackCOMRAM 000001
___flsub                   text33       004CE0
___flsub@a                 cstackCOMRAM 000037
___flsub@b                 cstackCOMRAM 000033
___fltol                   text32       003CB0
___fltol@exp1              cstackCOMRAM 00003C
___fltol@f1                cstackCOMRAM 000033
___fltol@sign1             cstackCOMRAM 00003B
___fpclassifyf             text31       003EBA
___fpclassifyf@F463        bssBANK0     0000EC
___fpclassifyf@e           cstackCOMRAM 000009
___fpclassifyf@u           cstackCOMRAM 00000B
___fpclassifyf@x           cstackCOMRAM 000001
___inthi_sp                stack        000000
___intlo_sp                stack        000000
___lldiv                   text14       00475C
___lldiv@counter           cstackBANK1  00015D
___lldiv@dividend          cstackBANK1  000151
___lldiv@divisor           cstackBANK1  000155
___lldiv@quotient          cstackBANK1  000159
___lmul                    text13       0049B8
___lmul@multiplicand       cstackBANK1  000155
___lmul@multiplier         cstackBANK1  000151
___lmul@product            cstackBANK1  000159
___lwdiv                   text11       004942
___lwdiv@counter           cstackBANK1  000157
___lwdiv@dividend          cstackBANK1  000151
___lwdiv@divisor           cstackBANK1  000153
___lwdiv@quotient          cstackBANK1  000155
___param_bank              (abs)        000000
___rparam_used             (abs)        000001
___sp                      stack        000000
___wmul                    text54       004F42
___wmul@multiplicand       cstackCOMRAM 000003
___wmul@multiplier         cstackCOMRAM 000001
___wmul@product            cstackCOMRAM 000005
___xxtofl                  text55       002F88
___xxtofl@arg              cstackCOMRAM 00000B
___xxtofl@exp              cstackCOMRAM 00000A
___xxtofl@sign             cstackCOMRAM 000009
___xxtofl@val              cstackCOMRAM 000001
__accesstop                (abs)        000060
__activetblptr             (abs)        000002
__end_of_ADC_Init          text16       004F7A
__end_of_ADC_Read          text60       004942
__end_of_Dutty_Pwm         text6        00409A
__end_of_INT_EXT_1         intcodelo    000036
__end_of_INT_EX_0          intcode_body 002B34
__end_of_Lcd_Chr_CP        text59       003818
__end_of_Lcd_Cmd           text5        0036E8
__end_of_Lcd_Init          text4        003942
__end_of_Lcd_Out           text57       0048A6
__end_of_Lcd_Out2          text56       00423C
__end_of_PWM_generar       text12       002D76
__end_of___aodiv           text50       003454
__end_of___aomod           text49       0035B8
__end_of___awdiv           text41       004490
__end_of___awmod           text40       0046B2
__end_of___fladd           text34       001DDA
__end_of___fldiv           text39       00259E
__end_of___fleq            text38       00475C
__end_of___flge            text37       003EBA
__end_of___flmul           text36       002204
__end_of___flneg           text35       004E56
__end_of___flsub           text33       004D26
__end_of___fltol           text32       003DB6
__end_of___fpclassifyf     text31       003FB8
__end_of___lldiv           text14       004802
__end_of___lmul            text13       004A24
__end_of___lwdiv           text11       0049B8
__end_of___wmul            text54       004F68
__end_of___xxtofl          text55       00313C
__end_of__initialization   cinit        004C8C
__end_of_abs               text48       004DAA
__end_of_atoi              text51       0032CC
__end_of_declet            text3        004CE0
__end_of_delay_s           text15       004DE6
__end_of_dtoa              text42       00287E
__end_of_eeprom_guardar    text2        004EF0
__end_of_eeprom_leer       text1        004F88
__end_of_efgtoa            text26       0013E8
__end_of_floorf            text30       002F88
__end_of_fputc             text46       004306
__end_of_fputs             text45       004D6A
__end_of_isdigit           text53       004E8E
__end_of_isspace           text52       004C50
__end_of_isupper           text28       004E1E
__end_of_main              text0        004602
__end_of_mostrar_dec       text9        0043CC
__end_of_mostrar_inc       text7        004A8E
__end_of_pad               text43       004552
__end_of_putch             text47       004F9C
__end_of_segment           text8        003B8E
__end_of_segment2          text10       003CB0
__end_of_sprintf           text22       004BFE
__end_of_strcat            text21       004F42
__end_of_strcpy            text29       004BAC
__end_of_strlen            text44       004EC4
__end_of_strncmp           text25       004170
__end_of_tolower           text27       004B50
__end_of_vfpfcnvrt         text24       00191A
__end_of_vfprintf          text23       004AF0
__end_ofi2_Lcd_Cmd         text58       003A6C
__end_ofi2_eeprom_guardar  text20       004F1C
__end_ofi2_eeprom_leer     text19       004F96
__initialization           cinit        004C50
__mediumconst              mediumconst  000000
__pbssBANK0                bssBANK0     0000E8
__pbssBANK1                bssBANK1     000100
__pbssCOMRAM               bssCOMRAM    00005D
__pcinit                   cinit        004C50
__pcstackBANK0             cstackBANK0  000060
__pcstackBANK1             cstackBANK1  000150
__pcstackCOMRAM            cstackCOMRAM 000001
__pdataBANK1               dataBANK1    000181
__pidataBANK1              idataBANK1   004F96
__pintcode                 intcode      000008
__pintcode_body            intcode_body 00287E
__pintcodelo               intcodelo    000018
__psmallconst              smallconst   000800
__ptext0                   text0        004552
__ptext1                   text1        004F7A
__ptext10                  text10       003B8E
__ptext11                  text11       004942
__ptext12                  text12       002B34
__ptext13                  text13       0049B8
__ptext14                  text14       00475C
__ptext15                  text15       004DAA
__ptext16                  text16       004F68
__ptext19                  text19       004F88
__ptext2                   text2        004EC4
__ptext20                  text20       004EF0
__ptext21                  text21       004F1C
__ptext22                  text22       004BAC
__ptext23                  text23       004A8E
__ptext24                  text24       0013E8
__ptext25                  text25       00409A
__ptext26                  text26       000836
__ptext27                  text27       004AF0
__ptext28                  text28       004DE6
__ptext29                  text29       004B50
__ptext3                   text3        004C9A
__ptext30                  text30       002D76
__ptext31                  text31       003EBA
__ptext32                  text32       003CB0
__ptext33                  text33       004CE0
__ptext34                  text34       00191A
__ptext35                  text35       004E1E
__ptext36                  text36       001DDA
__ptext37                  text37       003DB6
__ptext38                  text38       0046B2
__ptext39                  text39       002204
__ptext4                   text4        003818
__ptext40                  text40       004602
__ptext41                  text41       0043CC
__ptext42                  text42       00259E
__ptext43                  text43       004490
__ptext44                  text44       004E8E
__ptext45                  text45       004D26
__ptext46                  text46       00423C
__ptext47                  text47       004F9A
__ptext48                  text48       004D6A
__ptext49                  text49       003454
__ptext5                   text5        0035B8
__ptext50                  text50       0032CC
__ptext51                  text51       00313C
__ptext52                  text52       004BFE
__ptext53                  text53       004E56
__ptext54                  text54       004F42
__ptext55                  text55       002F88
__ptext56                  text56       004170
__ptext57                  text57       004802
__ptext58                  text58       003942
__ptext59                  text59       0036E8
__ptext6                   text6        003FB8
__ptext60                  text60       0048A6
__ptext7                   text7        004A24
__ptext8                   text8        003A6C
__ptext9                   text9        004306
__ramtop                   ramtop       000800
__size_of_ADC_Init         (abs)        000000
__size_of_ADC_Read         (abs)        000000
__size_of_Dutty_Pwm        (abs)        000000
__size_of_INT_EXT_1        (abs)        000000
__size_of_INT_EX_0         (abs)        000000
__size_of_Lcd_Chr_CP       (abs)        000000
__size_of_Lcd_Cmd          (abs)        000000
__size_of_Lcd_Init         (abs)        000000
__size_of_Lcd_Out          (abs)        000000
__size_of_Lcd_Out2         (abs)        000000
__size_of_PWM_generar      (abs)        000000
__size_of___aodiv          (abs)        000000
__size_of___aomod          (abs)        000000
__size_of___awdiv          (abs)        000000
__size_of___awmod          (abs)        000000
__size_of___fladd          (abs)        000000
__size_of___fldiv          (abs)        000000
__size_of___fleq           (abs)        000000
__size_of___flge           (abs)        000000
__size_of___flmul          (abs)        000000
__size_of___flneg          (abs)        000000
__size_of___flsub          (abs)        000000
__size_of___fltol          (abs)        000000
__size_of___fpclassifyf    (abs)        000000
__size_of___lldiv          (abs)        000000
__size_of___lmul           (abs)        000000
__size_of___lwdiv          (abs)        000000
__size_of___wmul           (abs)        000000
__size_of___xxtofl         (abs)        000000
__size_of_abs              (abs)        000000
__size_of_atoi             (abs)        000000
__size_of_declet           (abs)        000000
__size_of_delay_s          (abs)        000000
__size_of_dtoa             (abs)        000000
__size_of_eeprom_guardar   (abs)        000000
__size_of_eeprom_leer      (abs)        000000
__size_of_efgtoa           (abs)        000000
__size_of_floorf           (abs)        000000
__size_of_fputc            (abs)        000000
__size_of_fputs            (abs)        000000
__size_of_isdigit          (abs)        000000
__size_of_isspace          (abs)        000000
__size_of_isupper          (abs)        000000
__size_of_main             (abs)        000000
__size_of_mostrar_dec      (abs)        000000
__size_of_mostrar_inc      (abs)        000000
__size_of_pad              (abs)        000000
__size_of_putch            (abs)        000000
__size_of_segment          (abs)        000000
__size_of_segment2         (abs)        000000
__size_of_sprintf          (abs)        000000
__size_of_strcat           (abs)        000000
__size_of_strcpy           (abs)        000000
__size_of_strlen           (abs)        000000
__size_of_strncmp          (abs)        000000
__size_of_tolower          (abs)        000000
__size_of_vfpfcnvrt        (abs)        000000
__size_of_vfprintf         (abs)        000000
__size_ofi2_Lcd_Cmd        (abs)        000000
__size_ofi2_eeprom_guardar (abs)        000000
__size_ofi2_eeprom_leer    (abs)        000000
__smallconst               smallconst   000800
_abs                       text48       004D6A
_atoi                      text51       00313C
_atoi$1487                 cstackCOMRAM 000010
_atoi$1488                 cstackCOMRAM 000014
_atoi$1489                 cstackCOMRAM 000012
_dbuf                      bssBANK1     000100
_declet                    text3        004C9A
_delay                     bssBANK0     0000FA
_delay_s                   text15       004DAA
_dtoa                      text42       00259E
_dtoa$960                  cstackCOMRAM 00002E
_eeprom_guardar            text2        004EC4
_eeprom_leer               text1        004F7A
_efgtoa                    text26       000836
_efgtoa$984                cstackBANK0  000064
_efgtoa$985                cstackBANK0  000066
_efgtoa$989                cstackBANK0  000068
_efgtoa$993                cstackBANK0  00006A
_efgtoa$994                cstackBANK0  00006C
_efgtoa$995                cstackBANK0  00006E
_eprom                     bssBANK0     0000F6
_flag                      bssBANK0     0000F8
_flags                     bssCOMRAM    00005D
_floorf                    text30       002D76
_fputc                     text46       00423C
_fputs                     text45       004D26
_isdigit                   text53       004E56
_isspace                   text52       004BFE
_isspace$1518              cstackCOMRAM 000007
_isupper                   text28       004DE6
_main                      text0        004552
_mostrar_dec               text9        004306
_mostrar_inc               text7        004A24
_nout                      bssBANK0     0000F0
_pad                       text43       004490
_prec                      bssBANK0     0000F4
_putch                     text47       004F9A
_segment                   text8        003A6C
_segment2                  text10       003B8E
_sprintf                   text22       004BAC
_strcat                    text21       004F1C
_strcpy                    text29       004B50
_strlen                    text44       004E8E
_strncmp                   text25       00409A
_tolower                   text27       004AF0
_tolower$1610              cstackCOMRAM 00000D
_vfpfcnvrt                 text24       0013E8
_vfpfcnvrt$1009            cstackBANK0  0000A0
_vfpfcnvrt$1014            cstackBANK0  0000A2
_vfprintf                  text23       004A8E
_width                     bssBANK0     0000F2
abs@a                      cstackCOMRAM 000013
atoi@n                     cstackCOMRAM 000015
atoi@neg                   cstackCOMRAM 00000E
atoi@s                     cstackCOMRAM 000008
btemp                      temp         00005F
delay_s@seconds            cstackBANK1  000151
dtoa@d                     cstackCOMRAM 00001E
dtoa@fp                    cstackCOMRAM 00001C
dtoa@i                     cstackCOMRAM 00003E
dtoa@n                     cstackCOMRAM 000036
dtoa@p                     cstackCOMRAM 000030
dtoa@s                     cstackCOMRAM 000034
dtoa@w                     cstackCOMRAM 000032
eeprom_guardar@DATE        cstackBANK1  000153
eeprom_guardar@DIR         cstackBANK1  000151
eeprom_leer@DIR            cstackBANK1  000151
efgtoa@c                   cstackCOMRAM 000045
efgtoa@d                   cstackBANK0  000078
efgtoa@e                   cstackBANK0  000090
efgtoa@f                   cstackCOMRAM 000041
efgtoa@fp                  cstackCOMRAM 00003F
efgtoa@g                   cstackBANK0  00008C
efgtoa@h                   cstackBANK0  000082
efgtoa@i                   cstackBANK0  00008A
efgtoa@l                   cstackBANK0  000086
efgtoa@m                   cstackBANK0  000074
efgtoa@mode                cstackBANK0  000081
efgtoa@n                   cstackBANK0  000092
efgtoa@ne                  cstackBANK0  000076
efgtoa@nmode               cstackBANK0  00007E
efgtoa@ou                  cstackBANK0  000060
efgtoa@p                   cstackBANK0  00007C
efgtoa@pp                  cstackBANK0  000072
efgtoa@sign                cstackBANK0  00007A
efgtoa@t                   cstackBANK0  000070
efgtoa@u                   cstackBANK0  000094
efgtoa@w                   cstackBANK0  00007F
end_of_initialization      cinit        004C8C
floorf@F524                bssBANK0     0000E8
floorf@e                   cstackCOMRAM 000028
floorf@m                   cstackCOMRAM 000024
floorf@u                   cstackCOMRAM 00002A
floorf@x                   cstackCOMRAM 00001A
fputc@c                    cstackCOMRAM 000001
fputc@fp                   cstackCOMRAM 000003
fputs@c                    cstackCOMRAM 00000E
fputs@fp                   cstackCOMRAM 00000C
fputs@i                    cstackCOMRAM 00000F
fputs@s                    cstackCOMRAM 00000A
i2Lcd_Cmd@data             cstackCOMRAM 000003
i2_Lcd_Cmd                 text58       003942
i2_eeprom_guardar          text20       004EF0
i2_eeprom_leer             text19       004F88
i2eeprom_guardar@DATE      cstackCOMRAM 000003
i2eeprom_guardar@DIR       cstackCOMRAM 000001
i2eeprom_leer@DIR          cstackCOMRAM 000001
int$flags                  temp         00005F
int_func                   intcode_body 00287E
intlevel0                  text         000000
intlevel1                  text         000000
intlevel2                  text         000000
intlevel3                  text         000000
isdigit@c                  cstackCOMRAM 000001
isspace@c                  cstackCOMRAM 000001
isupper@c                  cstackCOMRAM 000001
mostrar_dec@duty           cstackBANK1  000172
mostrar_dec@par            cstackBANK1  000176
mostrar_dec@por_pwm        cstackBANK1  000174
mostrar_inc@duty           cstackBANK1  000158
mostrar_inc@par            cstackBANK1  00015C
mostrar_inc@por_pwm        cstackBANK1  00015A
pad@buf                    cstackCOMRAM 000013
pad@fp                     cstackCOMRAM 000011
pad@i                      cstackCOMRAM 000018
pad@p                      cstackCOMRAM 000015
pad@w                      cstackCOMRAM 00001A
segment2@centenas          cstackBANK1  000151
segment@centenas           cstackBANK1  000151
sprintf@ap                 cstackBANK0  0000B6
sprintf@f                  cstackBANK0  0000B8
sprintf@fmt                cstackBANK0  0000AE
sprintf@s                  cstackBANK0  0000AC
stackhi                    (abs)        0007FF
stacklo                    (abs)        000185
start                      init         000036
start_initialization       cinit        004C50
strcat@dest                cstackCOMRAM 00000F
strcat@src                 cstackCOMRAM 000011
strcpy@d                   cstackCOMRAM 00000D
strcpy@dest                cstackCOMRAM 000005
strcpy@s                   cstackCOMRAM 00000B
strcpy@src                 cstackCOMRAM 000007
strlen@a                   cstackCOMRAM 000003
strlen@s                   cstackCOMRAM 000001
strncmp@_l                 cstackCOMRAM 000001
strncmp@_r                 cstackCOMRAM 000003
strncmp@l                  cstackCOMRAM 000008
strncmp@n                  cstackCOMRAM 000005
strncmp@r                  cstackCOMRAM 00000A
tolower@c                  cstackCOMRAM 000007
ttemp5                     temp         000060
ttemp6                     temp         000063
ttemp7                     temp         000067
vfpfcnvrt@ap               cstackCOMRAM 00004F
vfpfcnvrt@c                cstackBANK0  0000AB
vfpfcnvrt@ct               cstackBANK0  0000A8
vfpfcnvrt@f                cstackBANK0  0000A4
vfpfcnvrt@fmt              cstackCOMRAM 00004D
vfpfcnvrt@fp               cstackCOMRAM 00004B
vfpfcnvrt@ll               cstackBANK0  000098
vfprintf@ap                cstackCOMRAM 000059
vfprintf@cfmt              cstackCOMRAM 00005B
vfprintf@fmt               cstackCOMRAM 000057
vfprintf@fp                cstackCOMRAM 000055
wtemp8                     temp         000060


FUNCTION INFORMATION:

 *************** function _main *****************
 Defined at:
		line 73 in file "main.c"
 Parameters:    Size  Location     Type
		None
 Auto vars:     Size  Location     Type
  m               2    0        int 
  i               2    0        int 
 Return value:  Size  Location     Type
                  1    wreg      void 
 Registers used:
		wreg, status,2, status,0, cstack
 Tracked objects:
		On entry : 
		On exit  : 
		Unchanged: 
 Data sizes:     COMRAM   BANK0   BANK1   BANK2   BANK3   BANK4   BANK5   BANK6   BANK7
      Params:         0       0       0       0       0       0       0       0       0
      Locals:         0       0       0       0       0       0       0       0       0
      Temps:          0       0       1       0       0       0       0       0       0
      Totals:         0       0       1       0       0       0       0       0       0
Total ram usage:        1 bytes
 Hardware stack levels required when called:   14
 This function calls:
		_ADC_Init
		_Dutty_Pwm
		_Lcd_Cmd
		_Lcd_Init
		_declet
		_eeprom_guardar
		_eeprom_leer
 This function is called by:
		Startup code after reset
 This function uses a non-reentrant model


 *************** function _eeprom_leer *****************
 Defined at:
		line 25 in file "eeprom.c"
 Parameters:    Size  Location     Type
  DIR             2    1[BANK1 ] int 
 Auto vars:     Size  Location     Type
		None
 Return value:  Size  Location     Type
                  1    wreg      unsigned char 
 Registers used:
		wreg, status,2
 Tracked objects:
		On entry : 
		On exit  : 
		Unchanged: 
 Data sizes:     COMRAM   BANK0   BANK1   BANK2   BANK3   BANK4   BANK5   BANK6   BANK7
      Params:         0       0       2       0       0       0       0       0       0
      Locals:         0       0       0       0       0       0       0       0       0
      Temps:          0       0       0       0       0       0       0       0       0
      Totals:         0       0       2       0       0       0       0       0       0
Total ram usage:        2 bytes
 Hardware stack levels used:    1
 Hardware stack levels required when called:   10
 This function calls:
		Nothing
 This function is called by:
		_main
 This function uses a non-reentrant model


 *************** function _eeprom_guardar *****************
 Defined at:
		line 9 in file "eeprom.c"
 Parameters:    Size  Location     Type
  DIR             2    1[BANK1 ] int 
  DATE            1    3[BANK1 ] unsigned char 
 Auto vars:     Size  Location     Type
		None
 Return value:  Size  Location     Type
                  1    wreg      void 
 Registers used:
		wreg, status,2
 Tracked objects:
		On entry : 
		On exit  : 
		Unchanged: 
 Data sizes:     COMRAM   BANK0   BANK1   BANK2   BANK3   BANK4   BANK5   BANK6   BANK7
      Params:         0       0       3       0       0       0       0       0       0
      Locals:         0       0       0       0       0       0       0       0       0
      Temps:          0       0       0       0       0       0       0       0       0
      Totals:         0       0       3       0       0       0       0       0       0
Total ram usage:        3 bytes
 Hardware stack levels used:    1
 Hardware stack levels required when called:   10
 This function calls:
		Nothing
 This function is called by:
		_main
		_eeprom_guardar_cadena
 This function uses a non-reentrant model


 *************** function _declet *****************
 Defined at:
		line 116 in file "process.c"
 Parameters:    Size  Location     Type
		None
 Auto vars:     Size  Location     Type
		None
 Return value:  Size  Location     Type
                  1    wreg      void 
 Registers used:
		wreg, status,2
 Tracked objects:
		On entry : 
		On exit  : 
		Unchanged: 
 Data sizes:     COMRAM   BANK0   BANK1   BANK2   BANK3   BANK4   BANK5   BANK6   BANK7
      Params:         0       0       0       0       0       0       0       0       0
      Locals:         0       0       0       0       0       0       0       0       0
      Temps:          0       0       0       0       0       0       0       0       0
      Totals:         0       0       0       0       0       0       0       0       0
Total ram usage:        0 bytes
 Hardware stack levels used:    1
 Hardware stack levels required when called:   10
 This function calls:
		Nothing
 This function is called by:
		_main
 This function uses a non-reentrant model


 *************** function _Lcd_Init *****************
 Defined at:
		line 71 in file "./lcd.h"
 Parameters:    Size  Location     Type
		None
 Auto vars:     Size  Location     Type
  data            1    5[BANK1 ] unsigned char 
 Return value:  Size  Location     Type
                  1    wreg      void 
 Registers used:
		wreg, status,2, status,0, cstack
 Tracked objects:
		On entry : 
		On exit  : 
		Unchanged: 
 Data sizes:     COMRAM   BANK0   BANK1   BANK2   BANK3   BANK4   BANK5   BANK6   BANK7
      Params:         0       0       0       0       0       0       0       0       0
      Locals:         0       0       1       0       0       0       0       0       0
      Temps:          0       0       1       0       0       0       0       0       0
      Totals:         0       0       2       0       0       0       0       0       0
Total ram usage:        2 bytes
 Hardware stack levels used:    1
 Hardware stack levels required when called:   11
 This function calls:
		_Lcd_Cmd
 This function is called by:
		_main
 This function uses a non-reentrant model


 *************** function _Lcd_Cmd *****************
 Defined at:
		line 172 in file "./lcd.h"
 Parameters:    Size  Location     Type
  data            1    wreg     unsigned char 
 Auto vars:     Size  Location     Type
  data            1    3[BANK1 ] unsigned char 
 Return value:  Size  Location     Type
                  1    wreg      void 
 Registers used:
		wreg, status,2, status,0
 Tracked objects:
		On entry : 
		On exit  : 
		Unchanged: 
 Data sizes:     COMRAM   BANK0   BANK1   BANK2   BANK3   BANK4   BANK5   BANK6   BANK7
      Params:         0       0       0       0       0       0       0       0       0
      Locals:         0       0       1       0       0       0       0       0       0
      Temps:          0       0       2       0       0       0       0       0       0
      Totals:         0       0       3       0       0       0       0       0       0
Total ram usage:        3 bytes
 Hardware stack levels used:    1
 Hardware stack levels required when called:   10
 This function calls:
		Nothing
 This function is called by:
		_Lcd_Init
		_main
		_lcd_goto
 This function uses a non-reentrant model


 *************** function _Dutty_Pwm *****************
 Defined at:
		line 146 in file "process.c"
 Parameters:    Size  Location     Type
  fpwm            2   40[BANK1 ] unsigned int 
  delay           2   42[BANK1 ] unsigned int 
 Auto vars:     Size  Location     Type
  k               2   46[BANK1 ] int 
  i               2   44[BANK1 ] int 
 Return value:  Size  Location     Type
                  1    wreg      void 
 Registers used:
		wreg, status,2, status,0, cstack
 Tracked objects:
		On entry : 
		On exit  : 
		Unchanged: 
 Data sizes:     COMRAM   BANK0   BANK1   BANK2   BANK3   BANK4   BANK5   BANK6   BANK7
      Params:         0       0       4       0       0       0       0       0       0
      Locals:         0       0       4       0       0       0       0       0       0
      Temps:          0       0       0       0       0       0       0       0       0
      Totals:         0       0       8       0       0       0       0       0       0
Total ram usage:        8 bytes
 Hardware stack levels used:    1
 Hardware stack levels required when called:   13
 This function calls:
		_PWM_generar
		_delay_s
		_mostrar_dec
		_mostrar_inc
 This function is called by:
		_main
 This function uses a non-reentrant model


 *************** function _mostrar_inc *****************
 Defined at:
		line 11 in file "process.c"
 Parameters:    Size  Location     Type
  duty            2    8[BANK1 ] unsigned int 
 Auto vars:     Size  Location     Type
  par             2   12[BANK1 ] int 
  por_pwm         2   10[BANK1 ] int 
 Return value:  Size  Location     Type
                  1    wreg      void 
 Registers used:
		wreg, status,2, status,0, cstack
 Tracked objects:
		On entry : 
		On exit  : 
		Unchanged: 
 Data sizes:     COMRAM   BANK0   BANK1   BANK2   BANK3   BANK4   BANK5   BANK6   BANK7
      Params:         0       0       2       0       0       0       0       0       0
      Locals:         0       0       4       0       0       0       0       0       0
      Temps:          0       0       0       0       0       0       0       0       0
      Totals:         0       0       6       0       0       0       0       0       0
Total ram usage:        6 bytes
 Hardware stack levels used:    1
 Hardware stack levels required when called:   11
 This function calls:
		___lwdiv
		_segment
 This function is called by:
		_Dutty_Pwm
		_demo_Dutty_Pwm
 This function uses a non-reentrant model


 *************** function _segment *****************
 Defined at:
		line 48 in file "process.c"
 Parameters:    Size  Location     Type
  centenas        2    1[BANK1 ] unsigned int 
 Auto vars:     Size  Location     Type
		None
 Return value:  Size  Location     Type
                  1    wreg      void 
 Registers used:
		wreg, status,2, status,0
 Tracked objects:
		On entry : 
		On exit  : 
		Unchanged: 
 Data sizes:     COMRAM   BANK0   BANK1   BANK2   BANK3   BANK4   BANK5   BANK6   BANK7
      Params:         0       0       2       0       0       0       0       0       0
      Locals:         0       0       0       0       0       0       0       0       0
      Temps:          0       0       0       0       0       0       0       0       0
      Totals:         0       0       2       0       0       0       0       0       0
Total ram usage:        2 bytes
 Hardware stack levels used:    1
 Hardware stack levels required when called:   10
 This function calls:
		Nothing
 This function is called by:
		_mostrar_inc
 This function uses a non-reentrant model


 *************** function _mostrar_dec *****************
 Defined at:
		line 26 in file "process.c"
 Parameters:    Size  Location     Type
  duty            2   34[BANK1 ] unsigned int 
 Auto vars:     Size  Location     Type
  par             2   38[BANK1 ] int 
  por_pwm         2   36[BANK1 ] int 
 Return value:  Size  Location     Type
                  1    wreg      void 
 Registers used:
		wreg, status,2, status,0, cstack
 Tracked objects:
		On entry : 
		On exit  : 
		Unchanged: 
 Data sizes:     COMRAM   BANK0   BANK1   BANK2   BANK3   BANK4   BANK5   BANK6   BANK7
      Params:         0       0       2       0       0       0       0       0       0
      Locals:         0       0       4       0       0       0       0       0       0
      Temps:          0       0       0       0       0       0       0       0       0
      Totals:         0       0       6       0       0       0       0       0       0
Total ram usage:        6 bytes
 Hardware stack levels used:    1
 Hardware stack levels required when called:   12
 This function calls:
		_PWM_generar
		___lwdiv
		_segment2
 This function is called by:
		_Dutty_Pwm
		_demo_Dutty_Pwm
 This function uses a non-reentrant model


 *************** function _segment2 *****************
 Defined at:
		line 82 in file "process.c"
 Parameters:    Size  Location     Type
  centenas        2    1[BANK1 ] unsigned int 
 Auto vars:     Size  Location     Type
		None
 Return value:  Size  Location     Type
                  1    wreg      void 
 Registers used:
		wreg, status,2, status,0
 Tracked objects:
		On entry : 
		On exit  : 
		Unchanged: 
 Data sizes:     COMRAM   BANK0   BANK1   BANK2   BANK3   BANK4   BANK5   BANK6   BANK7
      Params:         0       0       2       0       0       0       0       0       0
      Locals:         0       0       0       0       0       0       0       0       0
      Temps:          0       0       0       0       0       0       0       0       0
      Totals:         0       0       2       0       0       0       0       0       0
Total ram usage:        2 bytes
 Hardware stack levels used:    1
 Hardware stack levels required when called:   10
 This function calls:
		Nothing
 This function is called by:
		_mostrar_dec
 This function uses a non-reentrant model


 *************** function ___lwdiv *****************
 Defined at:
		line 7 in file "/opt/microchip/xc8/v2.10/pic/sources/c99/common/lwdiv.c"
 Parameters:    Size  Location     Type
  dividend        2    1[BANK1 ] unsigned int 
  divisor         2    3[BANK1 ] unsigned int 
 Auto vars:     Size  Location     Type
  quotient        2    5[BANK1 ] unsigned int 
  counter         1    7[BANK1 ] unsigned char 
 Return value:  Size  Location     Type
                  2    1[BANK1 ] unsigned int 
 Registers used:
		wreg, status,2, status,0
 Tracked objects:
		On entry : 
		On exit  : 
		Unchanged: 
 Data sizes:     COMRAM   BANK0   BANK1   BANK2   BANK3   BANK4   BANK5   BANK6   BANK7
      Params:         0       0       4       0       0       0       0       0       0
      Locals:         0       0       3       0       0       0       0       0       0
      Temps:          0       0       0       0       0       0       0       0       0
      Totals:         0       0       7       0       0       0       0       0       0
Total ram usage:        7 bytes
 Hardware stack levels used:    1
 Hardware stack levels required when called:   10
 This function calls:
		Nothing
 This function is called by:
		_mostrar_inc
		_mostrar_dec
 This function uses a non-reentrant model


 *************** function _PWM_generar *****************
 Defined at:
		line 10 in file "PWM.c"
 Parameters:    Size  Location     Type
  duty            2   14[BANK1 ] unsigned int 
  fpwm            2   16[BANK1 ] unsigned int 
 Auto vars:     Size  Location     Type
  AuxCCPR2L       4   30[BANK1 ] unsigned long 
  PR2cal          4   26[BANK1 ] unsigned long 
  AuxCCP2CON      2   24[BANK1 ] unsigned int 
  prescalador     2   22[BANK1 ] unsigned int 
 Return value:  Size  Location     Type
                  1    wreg      void 
 Registers used:
		wreg, status,2, status,0, cstack
 Tracked objects:
		On entry : 
		On exit  : 
		Unchanged: 
 Data sizes:     COMRAM   BANK0   BANK1   BANK2   BANK3   BANK4   BANK5   BANK6   BANK7
      Params:         0       0       4       0       0       0       0       0       0
      Locals:         0       0      12       0       0       0       0       0       0
      Temps:          0       0       4       0       0       0       0       0       0
      Totals:         0       0      20       0       0       0       0       0       0
Total ram usage:       20 bytes
 Hardware stack levels used:    1
 Hardware stack levels required when called:   11
 This function calls:
		___lldiv
		___lmul
 This function is called by:
		_mostrar_dec
		_Dutty_Pwm
		_demo_Dutty_Pwm
 This function uses a non-reentrant model


 *************** function ___lmul *****************
 Defined at:
		line 15 in file "/opt/microchip/xc8/v2.10/pic/sources/c99/common/Umul32.c"
 Parameters:    Size  Location     Type
  multiplier      4    1[BANK1 ] unsigned long 
  multiplicand    4    5[BANK1 ] unsigned long 
 Auto vars:     Size  Location     Type
  product         4    9[BANK1 ] unsigned long 
 Return value:  Size  Location     Type
                  4    1[BANK1 ] unsigned long 
 Registers used:
		wreg, status,2, status,0
 Tracked objects:
		On entry : 
		On exit  : 
		Unchanged: 
 Data sizes:     COMRAM   BANK0   BANK1   BANK2   BANK3   BANK4   BANK5   BANK6   BANK7
      Params:         0       0       8       0       0       0       0       0       0
      Locals:         0       0       4       0       0       0       0       0       0
      Temps:          0       0       0       0       0       0       0       0       0
      Totals:         0       0      12       0       0       0       0       0       0
Total ram usage:       12 bytes
 Hardware stack levels used:    1
 Hardware stack levels required when called:   10
 This function calls:
		Nothing
 This function is called by:
		_PWM_generar
 This function uses a non-reentrant model


 *************** function ___lldiv *****************
 Defined at:
		line 7 in file "/opt/microchip/xc8/v2.10/pic/sources/c99/common/__lldiv.c"
 Parameters:    Size  Location     Type
  dividend        4    1[BANK1 ] unsigned long 
  divisor         4    5[BANK1 ] unsigned long 
 Auto vars:     Size  Location     Type
  quotient        4    9[BANK1 ] unsigned long 
  counter         1   13[BANK1 ] unsigned char 
 Return value:  Size  Location     Type
                  4    1[BANK1 ] unsigned long 
 Registers used:
		wreg, status,2, status,0
 Tracked objects:
		On entry : 
		On exit  : 
		Unchanged: 
 Data sizes:     COMRAM   BANK0   BANK1   BANK2   BANK3   BANK4   BANK5   BANK6   BANK7
      Params:         0       0       8       0       0       0       0       0       0
      Locals:         0       0       5       0       0       0       0       0       0
      Temps:          0       0       0       0       0       0       0       0       0
      Totals:         0       0      13       0       0       0       0       0       0
Total ram usage:       13 bytes
 Hardware stack levels used:    1
 Hardware stack levels required when called:   10
 This function calls:
		Nothing
 This function is called by:
		_PWM_generar
 This function uses a non-reentrant model


 *************** function _delay_s *****************
 Defined at:
		line 136 in file "process.c"
 Parameters:    Size  Location     Type
  seconds         2    1[BANK1 ] unsigned int 
 Auto vars:     Size  Location     Type
		None
 Return value:  Size  Location     Type
                  1    wreg      void 
 Registers used:
		wreg, status,2, status,0
 Tracked objects:
		On entry : 
		On exit  : 
		Unchanged: 
 Data sizes:     COMRAM   BANK0   BANK1   BANK2   BANK3   BANK4   BANK5   BANK6   BANK7
      Params:         0       0       2       0       0       0       0       0       0
      Locals:         0       0       0       0       0       0       0       0       0
      Temps:          0       0       2       0       0       0       0       0       0
      Totals:         0       0       4       0       0       0       0       0       0
Total ram usage:        4 bytes
 Hardware stack levels used:    1
 Hardware stack levels required when called:   10
 This function calls:
		Nothing
 This function is called by:
		_Dutty_Pwm
 This function uses a non-reentrant model


 *************** function _ADC_Init *****************
 Defined at:
		line 10 in file "adc.c"
 Parameters:    Size  Location     Type
		None
 Auto vars:     Size  Location     Type
		None
 Return value:  Size  Location     Type
                  1    wreg      void 
 Registers used:
		wreg, status,2
 Tracked objects:
		On entry : 
		On exit  : 
		Unchanged: 
 Data sizes:     COMRAM   BANK0   BANK1   BANK2   BANK3   BANK4   BANK5   BANK6   BANK7
      Params:         0       0       0       0       0       0       0       0       0
      Locals:         0       0       0       0       0       0       0       0       0
      Temps:          0       0       0       0       0       0       0       0       0
      Totals:         0       0       0       0       0       0       0       0       0
Total ram usage:        0 bytes
 Hardware stack levels used:    1
 Hardware stack levels required when called:   10
 This function calls:
		Nothing
 This function is called by:
		_main
 This function uses a non-reentrant model


 *************** function _INT_EXT_1 *****************
 Defined at:
		line 65 in file "main.c"
 Parameters:    Size  Location     Type
		None
 Auto vars:     Size  Location     Type
		None
 Return value:  Size  Location     Type
                  1    wreg      void 
 Registers used:
		None
 Tracked objects:
		On entry : 
		On exit  : 
		Unchanged: 
 Data sizes:     COMRAM   BANK0   BANK1   BANK2   BANK3   BANK4   BANK5   BANK6   BANK7
[...]
Total ram usage:       26 bytes
 Hardware stack levels used:    1
 This function calls:
		Nothing
 This function is called by:
		_dtoa
 This function uses a non-reentrant model


 *************** function _atoi *****************
 Defined at:
		line 4 in file "/opt/microchip/xc8/v2.10/pic/sources/c99/common/atoi.c"
 Parameters:    Size  Location     Type
  s               2    7[COMRAM] PTR const unsigned char 
		 -> STR_5(3), STR_1(5), 
 Auto vars:     Size  Location     Type
  n               2   20[COMRAM] int 
  neg             2   13[COMRAM] int 
 Return value:  Size  Location     Type
                  2    7[COMRAM] int 
 Registers used:
		wreg, status,2, status,0, tblptrl, tblptrh, tblptru, prodl, prodh, cstack
 Tracked objects:
		On entry : 
		On exit  : 
		Unchanged: 
 Data sizes:     COMRAM   BANK0   BANK1   BANK2   BANK3   BANK4   BANK5   BANK6   BANK7
      Params:         2       0       0       0       0       0       0       0       0
      Locals:         9       0       0       0       0       0       0       0       0
      Temps:          4       0       0       0       0       0       0       0       0
      Totals:        15       0       0       0       0       0       0       0       0
Total ram usage:       15 bytes
 Hardware stack levels used:    1
 Hardware stack levels required when called:    1
 This function calls:
		___wmul
		_isdigit
		_isspace
 This function is called by:
		_vfpfcnvrt
 This function uses a non-reentrant model


 *************** function _isspace *****************
 Defined at:
		line 5 in file "/opt/microchip/xc8/v2.10/pic/sources/c99/common/isspace.c"
 Parameters:    Size  Location     Type
  c               2    0[COMRAM] int 
 Auto vars:     Size  Location     Type
		None
 Return value:  Size  Location     Type
                  2    0[COMRAM] int 
 Registers used:
		wreg, status,2, status,0
 Tracked objects:
		On entry : 
		On exit  : 
		Unchanged: 
 Data sizes:     COMRAM   BANK0   BANK1   BANK2   BANK3   BANK4   BANK5   BANK6   BANK7
      Params:         2       0       0       0       0       0       0       0       0
      Locals:         1       0       0       0       0       0       0       0       0
      Temps:          4       0       0       0       0       0       0       0       0
      Totals:         7       0       0       0       0       0       0       0       0
Total ram usage:        7 bytes
 Hardware stack levels used:    1
 This function calls:
		Nothing
 This function is called by:
		_atoi
 This function uses a non-reentrant model


 *************** function _isdigit *****************
 Defined at:
		line 5 in file "/opt/microchip/xc8/v2.10/pic/sources/c99/common/isdigit.c"
 Parameters:    Size  Location     Type
  c               2    0[COMRAM] int 
 Auto vars:     Size  Location     Type
		None
 Return value:  Size  Location     Type
                  2    0[COMRAM] int 
 Registers used:
		wreg, status,2, status,0
 Tracked objects:
		On entry : 
		On exit  : 
		Unchanged: 
 Data sizes:     COMRAM   BANK0   BANK1   BANK2   BANK3   BANK4   BANK5   BANK6   BANK7
      Params:         2       0       0       0       0       0       0       0       0
      Locals:         0       0       0       0       0       0       0       0       0
      Temps:          4       0       0       0       0       0       0       0       0
      Totals:         6       0       0       0       0       0       0       0       0
Total ram usage:        6 bytes
 Hardware stack levels used:    1
 This function calls:
		Nothing
 This function is called by:
		_vfpfcnvrt
		_atoi
 This function uses a non-reentrant model


 *************** function ___wmul *****************
 Defined at:
		line 15 in file "/opt/microchip/xc8/v2.10/pic/sources/c99/common/Umul16.c"
 Parameters:    Size  Location     Type
  multiplier      2    0[COMRAM] unsigned int 
  multiplicand    2    2[COMRAM] unsigned int 
 Auto vars:     Size  Location     Type
  product         2    4[COMRAM] unsigned int 
 Return value:  Size  Location     Type
                  2    0[COMRAM] unsigned int 
 Registers used:
		wreg, status,2, status,0, prodl, prodh
 Tracked objects:
		On entry : 
		On exit  : 
		Unchanged: 
 Data sizes:     COMRAM   BANK0   BANK1   BANK2   BANK3   BANK4   BANK5   BANK6   BANK7
      Params:         4       0       0       0       0       0       0       0       0
      Locals:         2       0       0       0       0       0       0       0       0
      Temps:          0       0       0       0       0       0       0       0       0
      Totals:         6       0       0       0       0       0       0       0       0
Total ram usage:        6 bytes
 Hardware stack levels used:    1
 This function calls:
		Nothing
 This function is called by:
		_atoi
 This function uses a non-reentrant model


 *************** function ___xxtofl *****************
 Defined at:
		line 10 in file "/opt/microchip/xc8/v2.10/pic/sources/c99/common/xxtofl.c"
 Parameters:    Size  Location     Type
  sign            1    wreg     unsigned char 
  val             4    0[COMRAM] long 
 Auto vars:     Size  Location     Type
  sign            1    8[COMRAM] unsigned char 
  arg             4   10[COMRAM] unsigned long 
  exp             1    9[COMRAM] unsigned char 
 Return value:  Size  Location     Type
                  4    0[COMRAM] unsigned char 
 Registers used:
		wreg, status,2, status,0
 Tracked objects:
		On entry : 
		On exit  : 
		Unchanged: 
 Data sizes:     COMRAM   BANK0   BANK1   BANK2   BANK3   BANK4   BANK5   BANK6   BANK7
      Params:         4       0       0       0       0       0       0       0       0
      Locals:         6       0       0       0       0       0       0       0       0
      Temps:          4       0       0       0       0       0       0       0       0
      Totals:        14       0       0       0       0       0       0       0       0
Total ram usage:       14 bytes
 Hardware stack levels used:    1
 This function calls:
		Nothing
 This function is called by:
		_INT_EX_0
 This function uses a non-reentrant model


 *************** function _Lcd_Out2 *****************
 Defined at:
		line 137 in file "./lcd.h"
 Parameters:    Size  Location     Type
  y               1    wreg     unsigned char 
  x               1    3[COMRAM] unsigned char 
  buffer          2    4[COMRAM] PTR unsigned char 
		 -> INT_EX_0@temp(10), STR_3(10), INT_EX_0@data(10), 
 Auto vars:     Size  Location     Type
  y               1    8[COMRAM] unsigned char 
  data            1    9[COMRAM] unsigned char 
 Return value:  Size  Location     Type
                  1    wreg      void 
 Registers used:
		wreg, fsr1l, fsr1h, status,2, status,0, tblptrl, tblptrh, tblptru, cstack
 Tracked objects:
		On entry : 
		On exit  : 
		Unchanged: 
 Data sizes:     COMRAM   BANK0   BANK1   BANK2   BANK3   BANK4   BANK5   BANK6   BANK7
      Params:         3       0       0       0       0       0       0       0       0
      Locals:         2       0       0       0       0       0       0       0       0
      Temps:          2       0       0       0       0       0       0       0       0
      Totals:         7       0       0       0       0       0       0       0       0
Total ram usage:        7 bytes
 Hardware stack levels used:    1
 Hardware stack levels required when called:    1
 This function calls:
		_Lcd_Chr_CP
		i2_Lcd_Cmd
 This function is called by:
		_INT_EX_0
 This function uses a non-reentrant model


 *************** function _Lcd_Out *****************
 Defined at:
		line 116 in file "./lcd.h"
 Parameters:    Size  Location     Type
  y               1    wreg     unsigned char 
  x               1    3[COMRAM] unsigned char 
  buffer          2    4[COMRAM] PTR const unsigned char 
		 -> STR_4(13), 
 Auto vars:     Size  Location     Type
  y               1    8[COMRAM] unsigned char 
  data            1    9[COMRAM] unsigned char 
 Return value:  Size  Location     Type
                  1    wreg      void 
 Registers used:
		wreg, status,2, status,0, tblptrl, tblptrh, tblptru, cstack
 Tracked objects:
		On entry : 
		On exit  : 
		Unchanged: 
 Data sizes:     COMRAM   BANK0   BANK1   BANK2   BANK3   BANK4   BANK5   BANK6   BANK7
      Params:         3       0       0       0       0       0       0       0       0
      Locals:         2       0       0       0       0       0       0       0       0
      Temps:          2       0       0       0       0       0       0       0       0
      Totals:         7       0       0       0       0       0       0       0       0
Total ram usage:        7 bytes
 Hardware stack levels used:    1
 Hardware stack levels required when called:    1
 This function calls:
		_Lcd_Chr_CP
		i2_Lcd_Cmd
 This function is called by:
		_INT_EX_0
 This function uses a non-reentrant model


 *************** function i2_Lcd_Cmd *****************
 Defined at:
		line 172 in file "./lcd.h"
 Parameters:    Size  Location     Type
  data            1    wreg     unsigned char 
 Auto vars:     Size  Location     Type
  data            1    2[COMRAM] unsigned char 
 Return value:  Size  Location     Type
                  1    wreg      void 
 Registers used:
		wreg, status,2, status,0
 Tracked objects:
		On entry : 
		On exit  : 
		Unchanged: 
 Data sizes:     COMRAM   BANK0   BANK1   BANK2   BANK3   BANK4   BANK5   BANK6   BANK7
      Params:         0       0       0       0       0       0       0       0       0
      Locals:         1       0       0       0       0       0       0       0       0
      Temps:          2       0       0       0       0       0       0       0       0
      Totals:         3       0       0       0       0       0       0       0       0
Total ram usage:        3 bytes
 Hardware stack levels used:    1
 This function calls:
		Nothing
 This function is called by:
		_Lcd_Out
		_Lcd_Out2
		_INT_EX_0
 This function uses a non-reentrant model


 *************** function _Lcd_Chr_CP *****************
 Defined at:
		line 158 in file "./lcd.h"
 Parameters:    Size  Location     Type
  data            1    wreg     unsigned char 
 Auto vars:     Size  Location     Type
  data            1    2[COMRAM] unsigned char 
 Return value:  Size  Location     Type
                  1    wreg      void 
 Registers used:
		wreg, status,2, status,0
 Tracked objects:
		On entry : 
		On exit  : 
		Unchanged: 
 Data sizes:     COMRAM   BANK0   BANK1   BANK2   BANK3   BANK4   BANK5   BANK6   BANK7
      Params:         0       0       0       0       0       0       0       0       0
      Locals:         1       0       0       0       0       0       0       0       0
      Temps:          2       0       0       0       0       0       0       0       0
      Totals:         3       0       0       0       0       0       0       0       0
Total ram usage:        3 bytes
 Hardware stack levels used:    1
 This function calls:
		Nothing
 This function is called by:
		_Lcd_Out
		_Lcd_Out2
 This function uses a non-reentrant model


 *************** function _ADC_Read *****************
 Defined at:
		line 18 in file "adc.c"
 Parameters:    Size  Location     Type
  channel         2    0[COMRAM] int 
 Auto vars:     Size  Location     Type
  digital         2    6[COMRAM] int 
 Return value:  Size  Location     Type
                  2    0[COMRAM] int 
 Registers used:
		wreg, status,2, status,0
 Tracked objects:
		On entry : 
		On exit  : 
		Unchanged: 
 Data sizes:     COMRAM   BANK0   BANK1   BANK2   BANK3   BANK4   BANK5   BANK6   BANK7
      Params:         2       0       0       0       0       0       0       0       0
      Locals:         2       0       0       0       0       0       0       0       0
      Temps:          4       0       0       0       0       0       0       0       0
      Totals:         8       0       0       0       0       0       0       0       0
Total ram usage:        8 bytes
 Hardware stack levels used:    1
 This function calls:
		Nothing
 This function is called by:
		_INT_EX_0
 This function uses a non-reentrant model



MODULE INFORMATION

Module		Function		Class		Link	Load	Size
/opt/microchip/xc8/v2.10/pic/sources/c99/common/awmod.c
		___awmod       		CODE           	4602	0000	177

/opt/microchip/xc8/v2.10/pic/sources/c99/common/awmod.c estimated size: 177

/opt/microchip/xc8/v2.10/pic/sources/c99/common/putch.c
		_putch         		CODE           	4F9A	0000	3

/opt/microchip/xc8/v2.10/pic/sources/c99/common/putch.c estimated size: 3

/opt/microchip/xc8/v2.10/pic/sources/c99/common/flge.c
		___flge        		CODE           	3DB6	0000	261

/opt/microchip/xc8/v2.10/pic/sources/c99/common/flge.c estimated size: 261

/opt/microchip/xc8/v2.10/pic/sources/c99/common/aomod.c
		___aomod       		CODE           	3454	0000	357

/opt/microchip/xc8/v2.10/pic/sources/c99/common/aomod.c estimated size: 357

/opt/microchip/xc8/v2.10/pic/sources/c99/common/Umul32.c
		___lmul        		CODE           	49B8	0000	109

/opt/microchip/xc8/v2.10/pic/sources/c99/common/Umul32.c estimated size: 109

/opt/microchip/xc8/v2.10/pic/sources/c99/common/strcat.c
		_strcat        		CODE           	4F1C	0000	39

/opt/microchip/xc8/v2.10/pic/sources/c99/common/strcat.c estimated size: 39

/opt/microchip/xc8/v2.10/pic/sources/c99/common/xxtofl.c
		___xxtofl      		CODE           	2F88	0000	437

/opt/microchip/xc8/v2.10/pic/sources/c99/common/xxtofl.c estimated size: 437

./lcd.h
		_Lcd_Init      		CODE           	3818	0000	299
		_Lcd_Out       		CODE           	4802	0000	165
		_Lcd_Out2      		CODE           	4170	0000	205
		_Lcd_Chr_CP    		CODE           	36E8	0000	305
		_Lcd_Cmd       		CODE           	35B8	0000	305

./lcd.h estimated size: 1279

/opt/microchip/xc8/v2.10/pic/sources/c99/common/strlen.c
		_strlen        		CODE           	4E8E	0000	55

/opt/microchip/xc8/v2.10/pic/sources/c99/common/strlen.c estimated size: 55

/opt/microchip/xc8/v2.10/pic/sources/c99/common/nf_fputs.c
		_fputs         		CODE           	4D26	0000	69

/opt/microchip/xc8/v2.10/pic/sources/c99/common/nf_fputs.c estimated size: 69

/opt/microchip/xc8/v2.10/pic/sources/c99/common/floorf.c
		_floorf        		CODE           	2D76	0000	531

/opt/microchip/xc8/v2.10/pic/sources/c99/common/floorf.c estimated size: 531

/opt/microchip/xc8/v2.10/pic/sources/c99/common/strcpy.c
		_strcpy        		CODE           	4B50	0000	93

/opt/microchip/xc8/v2.10/pic/sources/c99/common/strcpy.c estimated size: 93

/opt/microchip/xc8/v2.10/pic/sources/c99/common/isupper.c
		_isupper       		CODE           	4DE6	0000	57

/opt/microchip/xc8/v2.10/pic/sources/c99/common/isupper.c estimated size: 57

/opt/microchip/xc8/v2.10/pic/sources/c99/common/lwdiv.c
		___lwdiv       		CODE           	4942	0000	119

/opt/microchip/xc8/v2.10/pic/sources/c99/common/lwdiv.c estimated size: 119

/opt/microchip/xc8/v2.10/pic/sources/c99/common/awdiv.c
		___awdiv       		CODE           	43CC	0000	197

/opt/microchip/xc8/v2.10/pic/sources/c99/common/awdiv.c estimated size: 197

/opt/microchip/xc8/v2.10/pic/sources/c99/common/fltol.c
		___fltol       		CODE           	3CB0	0000	263

/opt/microchip/xc8/v2.10/pic/sources/c99/common/fltol.c estimated size: 263

eeprom.c
		_eeprom_guardar		CODE           	4EC4	0000	45
		_eeprom_leer   		CODE           	4F7A	0000	15

eeprom.c estimated size: 60

/opt/microchip/xc8/v2.10/pic/sources/c99/common/abs.c
		_abs           		CODE           	4D6A	0000	65

/opt/microchip/xc8/v2.10/pic/sources/c99/common/abs.c estimated size: 65

adc.c
		_ADC_Read      		CODE           	48A6	0000	157
		_ADC_Init      		CODE           	4F68	0000	19

adc.c estimated size: 176

/opt/microchip/xc8/v2.10/pic/sources/c99/common/__fpclassifyf.c
		___fpclassifyf 		CODE           	3EBA	0000	255

/opt/microchip/xc8/v2.10/pic/sources/c99/common/__fpclassifyf.c estimated size: 255

process.c
		_declet        		CODE           	4C9A	0000	71
		_segment       		CODE           	3A6C	0000	291
		_segment2      		CODE           	3B8E	0000	291
		_Dutty_Pwm     		CODE           	3FB8	0000	227
		_delay_s       		CODE           	4DAA	0000	61
		_mostrar_dec   		CODE           	4306	0000	199
		_mostrar_inc   		CODE           	4A24	0000	107

process.c estimated size: 1247

/opt/microchip/xc8/v2.10/pic/sources/c99/common/aodiv.c
		___aodiv       		CODE           	32CC	0000	393

/opt/microchip/xc8/v2.10/pic/sources/c99/common/aodiv.c estimated size: 393

/opt/microchip/xc8/v2.10/pic/sources/c99/common/sprcmul.c
		___flmul       		CODE           	1DDA	0000	1067

/opt/microchip/xc8/v2.10/pic/sources/c99/common/sprcmul.c estimated size: 1067

/opt/microchip/xc8/v2.10/pic/sources/c99/common/atoi.c
		_atoi          		CODE           	313C	0000	401

/opt/microchip/xc8/v2.10/pic/sources/c99/common/atoi.c estimated size: 401

/opt/microchip/xc8/v2.10/pic/sources/c99/common/nf_sprintf.c
		_sprintf       		CODE           	4BAC	0000	83

/opt/microchip/xc8/v2.10/pic/sources/c99/common/nf_sprintf.c estimated size: 83

PWM.c
		_PWM_generar   		CODE           	2B34	0000	579

PWM.c estimated size: 579

/opt/microchip/xc8/v2.10/pic/sources/c99/common/fleq.c
		___fleq        		CODE           	46B2	0000	171

/opt/microchip/xc8/v2.10/pic/sources/c99/common/fleq.c estimated size: 171

/opt/microchip/xc8/v2.10/pic/sources/c99/common/sprcdiv.c
		___fldiv       		CODE           	2204	0000	923

/opt/microchip/xc8/v2.10/pic/sources/c99/common/sprcdiv.c estimated size: 923

shared
		i2_Lcd_Cmd     		CODE           	3942	0000	299
		__initialization		CODE           	4C50	0000	61
		i2_eeprom_leer 		CODE           	4F88	0000	15
		i2_eeprom_guardar		CODE           	4EF0	0000	45

shared estimated size: 420

/opt/microchip/xc8/v2.10/pic/sources/c99/common/isspace.c
		_isspace       		CODE           	4BFE	0000	83

/opt/microchip/xc8/v2.10/pic/sources/c99/common/isspace.c estimated size: 83

/opt/microchip/xc8/v2.10/pic/sources/c99/common/doprnt.c
		_vfpfcnvrt     		CODE           	13E8	0000	1331
		_efgtoa        		CODE           	0836	0000	2995
		_pad           		CODE           	4490	0000	195
		_dtoa          		CODE           	259E	0000	737
		_vfprintf      		CODE           	4A8E	0000	99

/opt/microchip/xc8/v2.10/pic/sources/c99/common/doprnt.c estimated size: 5357

/opt/microchip/xc8/v2.10/pic/sources/c99/common/strncmp.c
		_strncmp       		CODE           	409A	0000	215

/opt/microchip/xc8/v2.10/pic/sources/c99/common/strncmp.c estimated size: 215

/opt/microchip/xc8/v2.10/pic/sources/c99/common/tolower.c
		_tolower       		CODE           	4AF0	0000	97

/opt/microchip/xc8/v2.10/pic/sources/c99/common/tolower.c estimated size: 97

/opt/microchip/xc8/v2.10/pic/sources/c99/common/flneg.c
		___flneg       		CODE           	4E1E	0000	57

/opt/microchip/xc8/v2.10/pic/sources/c99/common/flneg.c estimated size: 57

/opt/microchip/xc8/v2.10/pic/sources/c99/common/nf_fputc.c
		_fputc         		CODE           	423C	0000	203

/opt/microchip/xc8/v2.10/pic/sources/c99/common/nf_fputc.c estimated size: 203

/opt/microchip/xc8/v2.10/pic/sources/c99/common/__lldiv.c
		___lldiv       		CODE           	475C	0000	167

/opt/microchip/xc8/v2.10/pic/sources/c99/common/__lldiv.c estimated size: 167

/opt/microchip/xc8/v2.10/pic/sources/c99/common/Umul16.c
		___wmul        		CODE           	4F42	0000	39

/opt/microchip/xc8/v2.10/pic/sources/c99/common/Umul16.c estimated size: 39

main.c
		_INT_EXT_1     		CODE           	0018	0000	31
		_main          		CODE           	4552	0000	177
		_INT_EX_0      		CODE           	0008	0000	701

main.c estimated size: 909

/opt/microchip/xc8/v2.10/pic/sources/c99/common/isdigit.c
		_isdigit       		CODE           	4E56	0000	57

/opt/microchip/xc8/v2.10/pic/sources/c99/common/isdigit.c estimated size: 57

/opt/microchip/xc8/v2.10/pic/sources/c99/common/sprcadd.c
		___flsub       		CODE           	4CE0	0000	71
		___fladd       		CODE           	191A	0000	1217

/opt/microchip/xc8/v2.10/pic/sources/c99/common/sprcadd.c estimated size: 1288

