Microchip MPLAB XC8 Compiler V2.10 ()

Linker command line:

-W-3 --edf=/opt/microchip/xc8/v2.10/pic/dat/en_msgs.txt -cs \
  -h+dist/default/production/ProyectoFinal.X.production.sym \
  --cmf=dist/default/production/ProyectoFinal.X.production.cmf -z \
  -Q18F45K50 -o/tmp/xcX7DPqX8 --defsym=__MPLAB_BUILD=1 \
  -Mdist/default/production/ProyectoFinal.X.production.map -E1 -ver=XC8 \
  --acfsm=1493 -ASTACK=097h-07FFh -pstack=STACK -ACODE=00h-07FFFh \
  -ACONST=00h-07FFFh -ASMALLCONST=0800h-08FFhx120 \
  -AMEDIUMCONST=0800h-07FFFh -ACOMRAM=01h-05Fh -AABS1=00h-07FFh \
  -ABIGRAM=01h-07FFh -ARAM=060h-0FFh,0100h-01FFhx7 -ABANK0=060h-0FFh \
  -ABANK1=0100h-01FFh -ABANK2=0200h-02FFh -ABANK3=0300h-03FFh \
  -ABANK4=0400h-04FFh -ABANK5=0500h-05FFh -ABANK6=0600h-06FFh \
  -ABANK7=0700h-07FFh -ASFR=0F53h-0F5Fh,0F60h-0FFFh \
  -preset_vec=00h,intcode=08h,intcodelo=018h,powerup,init -pramtop=0800h \
  -psmallconst=SMALLCONST -pmediumconst=MEDIUMCONST -pconst=CONST \
  -AFARRAM=00h-00h -ACONFIG=0300000h-030000Dh -pconfig=CONFIG \
  -AIDLOC=0200000h-0200007h -pidloc=IDLOC -AEEDATA=0F00000h-0F000FFh \
  -peeprom_data=EEDATA \
  -prdata=COMRAM,nvrram=COMRAM,nvbit=COMRAM,rbss=COMRAM,rbit=COMRAM \
  -pfarbss=FARRAM,fardata=FARRAM,nvFARRAM=FARRAM \
  -pintsave_regs=BIGRAM,bigbss=BIGRAM,bigdata=BIGRAM -pbss=RAM \
  -pidata=CODE,irdata=CODE,ibigdata=CODE,ifardata=CODE -prparam=COMRAM \
  /tmp/xcXZ6hwy7.o dist/default/production/ProyectoFinal.X.production.o 

Object code version is 3.11

Machine type is 18F45K50

Call graph: (short form)




                Name                               Link     Load   Length Selector   Space Scale
/tmp/xcXZ6hwy7.o
                init                                 36       36        4        C       0
                reset_vec                             0        0        4        0       0
                idloc                            200000   200000        8   200000       0
                config                           300000   300000        E   300000       0
dist/default/production/ProyectoFinal.X.production.o
                intcodelo                            18       18       1E        C       0
                intcode                               8        8        6        4       0
                temp                                 3A       3A        1        1       1
                text21                              ED8      ED8       9C        C       0
                text20                               3A       3A      42A        C       0
                text19                              6A6      6A6      1B4        C       0
                text18                             11AA     11AA       2C        C       0
                text17                             11F6     11F6        E        C       0
                intcode_body                        85A      85A      150        C       0
                text14                             11D6     11D6       12        C       0
                text13                             1142     1142       3C        C       0
                text12                              D96      D96       A6        C       0
                text11                              FEA      FEA       6C        C       0
                text10                              464      464      242        C       0
                text9                               F74      F74       76        C       0
                text8                               ACC      ACC      122        C       0
                text7                               CD0      CD0       C6        C       0
                text6                               9AA      9AA      122        C       0
                text5                              1056     1056       6A        C       0
                text4                               BEE      BEE       E2        C       0
                text3                              10C0     10C0       46        C       0
                text2                              117E     117E       2C        C       0
                text1                              11E8     11E8        E        C       0
                text0                               E3C      E3C       9C        C       0
                cstackCOMRAM                          1        1       35        1       1
                cstackBANK0                          60       60       31       60       1
                dataBANK0                            91       91        4       60       1
                bssBANK0                             95       95        2       60       1
                bssCOMRAM                            36       36        4        1       1
                cinit                              1106     1106       3C        C       0
                idataBANK0                         1204     1204        4        C       0

TOTAL           Name                               Link     Load   Length     Space
        CLASS   STACK          

        CLASS   CODE           
                intcodelo                            18       18       1E         0
                intcode                               8        8        6         0
                init                                 36       36        4         0
                reset_vec                             0        0        4         0
                text21                              ED8      ED8       9C         0
                text20                               3A       3A      42A         0
                text19                              6A6      6A6      1B4         0
                text18                             11AA     11AA       2C         0
                text17                             11F6     11F6        E         0
                intcode_body                        85A      85A      150         0
                text14                             11D6     11D6       12         0
                text13                             1142     1142       3C         0
                text12                              D96      D96       A6         0
                text11                              FEA      FEA       6C         0
                text10                              464      464      242         0
                text9                               F74      F74       76         0
                text8                               ACC      ACC      122         0
                text7                               CD0      CD0       C6         0
                text6                               9AA      9AA      122         0
                text5                              1056     1056       6A         0
                text4                               BEE      BEE       E2         0
                text3                              10C0     10C0       46         0
                text2                              117E     117E       2C         0
                text1                              11E8     11E8        E         0
                text0                               E3C      E3C       9C         0
                cinit                              1106     1106       3C         0
                idataBANK0                         1204     1204        4         0

        CLASS   CONST          

        CLASS   SMALLCONST     

        CLASS   MEDIUMCONST    

        CLASS   COMRAM         
                temp                                 3A       3A        1         1
                cstackCOMRAM                          1        1       35         1
                bssCOMRAM                            36       36        4         1

        CLASS   ABS1           

        CLASS   BIGRAM         

        CLASS   RAM            

        CLASS   BANK0          
                cstackBANK0                          60       60       31         1
                dataBANK0                            91       91        4         1
                bssBANK0                             95       95        2         1

        CLASS   BANK1          

        CLASS   BANK2          

        CLASS   BANK3          

        CLASS   BANK4          

        CLASS   BANK5          

        CLASS   BANK6          

        CLASS   BANK7          

        CLASS   SFR            

        CLASS   FARRAM         

        CLASS   CONFIG         
                config                           300000   300000        E         0

        CLASS   IDLOC          
                idloc                            200000   200000        8         0

        CLASS   EEDATA         



SEGMENTS        Name                           Load    Length   Top    Selector   Space  Class

                reset_vec                      000000  000004  000004         0       0  CODE    
                cstackCOMRAM                   000001  00003A  00003B         1       1  COMRAM  
                intcode                        000008  000006  00000E         4       0  CODE    
                intcodelo                      000018  0011F0  001208         C       0  CODE    
                cstackBANK0                    000060  000037  000097        60       1  BANK0   
                idloc                          200000  000008  200008    200000       0  IDLOC   
                config                         300000  00000E  30000E    300000       0  CONFIG  


UNUSED ADDRESS RANGES

        Name                Unused          Largest block    Delta
        BANK0            000097-0000FF               69
        BANK1            000100-0001FF              100
        BANK2            000200-0002FF              100
        BANK3            000300-0003FF              100
        BANK4            000400-0004FF              100
        BANK5            000500-0005FF              100
        BANK6            000600-0006FF              100
        BANK7            000700-0007FF              100
        BIGRAM           00003B-00005F               25
                         000097-0007FF              769
        CODE             000004-000007                4
                         00000E-000017                A
                         001208-007FFF             6DF8
        COMRAM           00003B-00005F               25
        CONST            000004-000007                4
                         00000E-000017                A
                         001208-007FFF             6DF8
        EEDATA           F00000-F000FF              100
        MEDIUMCONST      001208-007FFF             6DF8
        RAM              000097-0007FF              100
        SFR              000F53-000FFF                D
        SMALLCONST       001208-007FFF              100
        STACK            000097-0007FF              769

                                  Symbol Table

?_ADC_Read                 cstackCOMRAM 000001
?___flmul                  cstackCOMRAM 00000F
?___lldiv                  cstackBANK0  000061
?___lmul                   cstackBANK0  000061
?___lwdiv                  cstackBANK0  000061
?___xxtofl                 cstackCOMRAM 000001
ADC_Read@channel           cstackCOMRAM 000001
ADC_Read@digital           cstackCOMRAM 000007
Dutty_Pwm@delay            cstackBANK0  00008A
Dutty_Pwm@fpwm             cstackBANK0  000088
Dutty_Pwm@i                cstackBANK0  00008C
Dutty_Pwm@k                cstackBANK0  00008E
INT_EX_0@digital           cstackCOMRAM 000030
INT_EX_0@i                 cstackCOMRAM 000032
INT_EX_0@j                 cstackCOMRAM 000034
PWM_generar@AuxCCP2CON     cstackBANK0  000078
PWM_generar@AuxCCPR2L      cstackBANK0  00007E
PWM_generar@PR2cal         cstackBANK0  00007A
PWM_generar@duty           cstackBANK0  00006E
PWM_generar@fpwm           cstackBANK0  000070
PWM_generar@prescalador    cstackBANK0  000076
_ADCON0                    (abs)        000FC2
_ADCON0bits                (abs)        000FC2
_ADCON1                    (abs)        000FC1
_ADCON2                    (abs)        000FC0
_ADC_Init                  text14       0011D6
_ADC_Read                  text21       000ED8
_ADON                      (abs)        007E10
_ADRESH                    (abs)        000FC4
_ADRESL                    (abs)        000FC3
_ANSELA                    (abs)        000F5B
_ANSELB                    (abs)        000F5C
_ANSELC                    (abs)        000F5D
_ANSELD                    (abs)        000F5E
_ANSELE                    (abs)        000F5F
_CCP2CON                   (abs)        000F97
_CCPR2L                    (abs)        000F90
_CEN                       dataBANK0    000093
_CEN2                      dataBANK0    000091
_Dutty_Pwm                 text4        000BEE
_EEADR                     (abs)        000FA9
_EECON1bits                (abs)        000FA6
_EECON2                    (abs)        000FA7
_EEDATA                    (abs)        000FA8
_GO                        (abs)        007E11
_INTCON2bits               (abs)        000FF1
_INTCON3bits               (abs)        000FF0
_INTCONbits                (abs)        000FF2
_INT_EXT_1                 intcodelo    000018
_INT_EX_0                  intcode      000008
_LATA                      (abs)        000F89
_LATB                      (abs)        000F8A
_LATBbits                  (abs)        000F8A
_LATE                      (abs)        000F8D
_LATEbits                  (abs)        000F8D
_OSCCON                    (abs)        000FD3
_PIR2bits                  (abs)        000FA1
_PORTA                     (abs)        000F80
_PORTB                     (abs)        000F81
_PORTBbits                 (abs)        000F81
_PORTC                     (abs)        000F82
_PORTD                     (abs)        000F83
_PORTDbits                 (abs)        000F83
_PORTE                     (abs)        000F84
_PR2                       (abs)        000FBB
_PWM_generar               text10       000464
_RCONbits                  (abs)        000FD0
_T2CON                     (abs)        000FBA
_T2CONbits                 (abs)        000FBA
_TMR2                      (abs)        000FBC
_TRISA                     (abs)        000F92
_TRISB                     (abs)        000F93
_TRISC                     (abs)        000F94
_TRISCbits                 (abs)        000F94
_TRISDbits                 (abs)        000F95
_TRISE                     (abs)        000F96
__CFG_BOREN$SBORDIS        (abs)        000000
__CFG_BORV$190             (abs)        000000
__CFG_CCP2MX$RC1           (abs)        000000
__CFG_CFGPLLEN$OFF         (abs)        000000
__CFG_CP0$OFF              (abs)        000000
__CFG_CP1$OFF              (abs)        000000
__CFG_CP2$OFF              (abs)        000000
__CFG_CP3$OFF              (abs)        000000
__CFG_CPB$OFF              (abs)        000000
__CFG_CPD$OFF              (abs)        000000
__CFG_CPUDIV$NOCLKDIV      (abs)        000000
__CFG_EBTR0$OFF            (abs)        000000
__CFG_EBTR1$OFF            (abs)        000000
__CFG_EBTR2$OFF            (abs)        000000
__CFG_EBTR3$OFF            (abs)        000000
__CFG_EBTRB$OFF            (abs)        000000
__CFG_FCMEN$OFF            (abs)        000000
__CFG_FOSC$INTOSCIO        (abs)        000000
__CFG_ICPRT$OFF            (abs)        000000
__CFG_IESO$OFF             (abs)        000000
__CFG_LS48MHZ$SYS24X4      (abs)        000000
__CFG_LVP$OFF              (abs)        000000
__CFG_MCLRE$ON             (abs)        000000
__CFG_PBADEN$ON            (abs)        000000
__CFG_PCLKEN$OFF           (abs)        000000
__CFG_PLLSEL$PLL4X         (abs)        000000
__CFG_SDOMX$RB3            (abs)        000000
__CFG_STVREN$ON            (abs)        000000
__CFG_T3CMX$RC0            (abs)        000000
__CFG_WDTEN$OFF            (abs)        000000
__CFG_WDTPS$32768          (abs)        000000
__CFG_WRT0$OFF             (abs)        000000
__CFG_WRT1$OFF             (abs)        000000
__CFG_WRT2$OFF             (abs)        000000
__CFG_WRT3$OFF             (abs)        000000
__CFG_WRTB$OFF             (abs)        000000
__CFG_WRTC$OFF             (abs)        000000
__CFG_WRTD$OFF             (abs)        000000
__CFG_XINST$OFF            (abs)        000000
__CFG_nLPBOR$OFF           (abs)        000000
__CFG_nPWRTEN$ON           (abs)        000000
__HRAM                     (abs)        000000
__Habs1                    abs1         000000
__Hbank0                   bank0        000000
__Hbank1                   bank1        000000
__Hbank2                   bank2        000000
__Hbank3                   bank3        000000
__Hbank4                   bank4        000000
__Hbank5                   bank5        000000
__Hbank6                   bank6        000000
__Hbank7                   bank7        000000
__Hbigbss                  bigbss       000000
__Hbigdata                 bigdata      000000
__Hbigram                  bigram       000000
__Hbss                     bss          000000
__HbssBANK0                bssBANK0     000000
__HbssCOMRAM               bssCOMRAM    000000
__Hcinit                   cinit        000000
__Hclrtext                 clrtext      000000
__Hcomram                  comram       000000
__Hconfig                  config       30000E
__Hconst                   const        000000
__HcstackBANK0             cstackBANK0  000000
__HcstackCOMRAM            cstackCOMRAM 000000
__Hdata                    data         000000
__HdataBANK0               dataBANK0    000000
__Heeprom_data             eeprom_data  000000
__Hfarbss                  farbss       000000
__Hfardata                 fardata      000000
__Hibigdata                ibigdata     000000
__Hidata                   idata        000000
__HidataBANK0              idataBANK0   000000
__Hidloc                   idloc        200008
__Hifardata                ifardata     000000
__Hinit                    init         00003A
__Hintcode                 intcode      00000E
__Hintcode_body            intcode_body 000000
__Hintcodelo               intcodelo    000036
__Hintentry                intentry     000000
__Hintret                  intret       000000
__Hintsave_regs            intsave_regs 000000
__Hirdata                  irdata       000000
__Hmediumconst             mediumconst  000000
__HnvFARRAM                nvFARRAM     000000
__Hnvbit                   nvbit        000000
__Hnvrram                  nvrram       000000
__Hparam                   rparam       000000
__Hpowerup                 powerup      000036
__Hram                     ram          000000
__Hramtop                  ramtop       000800
__Hrbit                    rbit         000000
__Hrbss                    rbss         000000
__Hrdata                   rdata        000000
__Hreset_vec               reset_vec    000004
__Hrparam                  rparam       000000
__Hsfr                     sfr          000000
__Hsmallconst              smallconst   000000
__Hspace_0                 (abs)        30000E
__Hspace_1                 (abs)        000097
__Hspace_2                 (abs)        000000
__Hstack                   stack        000000
__Hstruct                  struct       000000
__Htemp                    temp         00003B
__Htext                    text         000000
__Htext0                   text0        000000
__Htext1                   text1        000000
__Htext10                  text10       000000
__Htext11                  text11       000000
__Htext12                  text12       000000
__Htext13                  text13       000000
__Htext14                  text14       000000
__Htext17                  text17       000000
__Htext18                  text18       000000
__Htext19                  text19       000000
__Htext2                   text2        000000
__Htext20                  text20       000000
__Htext21                  text21       000000
__Htext3                   text3        000000
__Htext4                   text4        000000
__Htext5                   text5        000000
__Htext6                   text6        000000
__Htext7                   text7        000000
__Htext8                   text8        000000
__Htext9                   text9        000000
__LRAM                     (abs)        000001
__Labs1                    abs1         000000
__Lbank0                   bank0        000000
__Lbank1                   bank1        000000
__Lbank2                   bank2        000000
__Lbank3                   bank3        000000
__Lbank4                   bank4        000000
__Lbank5                   bank5        000000
__Lbank6                   bank6        000000
__Lbank7                   bank7        000000
__Lbigbss                  bigbss       000000
__Lbigdata                 bigdata      000000
__Lbigram                  bigram       000000
__Lbss                     bss          000000
__LbssBANK0                bssBANK0     000000
__LbssCOMRAM               bssCOMRAM    000000
__Lcinit                   cinit        000000
__Lclrtext                 clrtext      000000
__Lcomram                  comram       000000
__Lconfig                  config       300000
__Lconst                   const        000000
__LcstackBANK0             cstackBANK0  000000
__LcstackCOMRAM            cstackCOMRAM 000000
__Ldata                    data         000000
__LdataBANK0               dataBANK0    000000
__Leeprom_data             eeprom_data  000000
__Lfarbss                  farbss       000000
__Lfardata                 fardata      000000
__Libigdata                ibigdata     000000
__Lidata                   idata        000000
__LidataBANK0              idataBANK0   000000
__Lidloc                   idloc        200000
__Lifardata                ifardata     000000
__Linit                    init         000036
__Lintcode                 intcode      000008
__Lintcode_body            intcode_body 000000
__Lintcodelo               intcodelo    000018
__Lintentry                intentry     000000
__Lintret                  intret       000000
__Lintsave_regs            intsave_regs 000000
__Lirdata                  irdata       000000
__Lmediumconst             mediumconst  000000
__LnvFARRAM                nvFARRAM     000000
__Lnvbit                   nvbit        000000
__Lnvrram                  nvrram       000000
__Lparam                   rparam       000000
__Lpowerup                 powerup      000036
__Lram                     ram          000000
__Lramtop                  ramtop       000800
__Lrbit                    rbit         000000
__Lrbss                    rbss         000000
__Lrdata                   rdata        000000
__Lreset_vec               reset_vec    000000
__Lrparam                  rparam       000000
__Lsfr                     sfr          000000
__Lsmallconst              smallconst   000000
__Lspace_0                 (abs)        000000
__Lspace_1                 (abs)        000000
__Lspace_2                 (abs)        000000
__Lstack                   stack        000000
__Lstruct                  struct       000000
__Ltemp                    temp         00003A
__Ltext                    text         000000
__Ltext0                   text0        000000
__Ltext1                   text1        000000
__Ltext10                  text10       000000
__Ltext11                  text11       000000
__Ltext12                  text12       000000
__Ltext13                  text13       000000
__Ltext14                  text14       000000
__Ltext17                  text17       000000
__Ltext18                  text18       000000
__Ltext19                  text19       000000
__Ltext2                   text2        000000
__Ltext20                  text20       000000
__Ltext21                  text21       000000
__Ltext3                   text3        000000
__Ltext4                   text4        000000
__Ltext5                   text5        000000
__Ltext6                   text6        000000
__Ltext7                   text7        000000
__Ltext8                   text8        000000
__Ltext9                   text9        000000
__S0                       (abs)        30000E
__S1                       (abs)        000097
__S2                       (abs)        000000
___flmul                   text20       00003A
___flmul@a                 cstackCOMRAM 000013
___flmul@aexp              cstackCOMRAM 000020
___flmul@b                 cstackCOMRAM 00000F
___flmul@bexp              cstackCOMRAM 000021
___flmul@grs               cstackCOMRAM 00001C
___flmul@prod              cstackCOMRAM 000022
___flmul@sign              cstackCOMRAM 00001B
___flmul@temp              cstackCOMRAM 000026
___inthi_sp                stack        000000
___intlo_sp                stack        000000
___lldiv                   text12       000D96
___lldiv@counter           cstackBANK0  00006D
___lldiv@dividend          cstackBANK0  000061
___lldiv@divisor           cstackBANK0  000065
___lldiv@quotient          cstackBANK0  000069
___lmul                    text11       000FEA
___lmul@multiplicand       cstackBANK0  000065
___lmul@multiplier         cstackBANK0  000061
___lmul@product            cstackBANK0  000069
___lwdiv                   text9        000F74
___lwdiv@counter           cstackBANK0  000067
___lwdiv@dividend          cstackBANK0  000061
___lwdiv@divisor           cstackBANK0  000063
___lwdiv@quotient          cstackBANK0  000065
___param_bank              (abs)        000000
___rparam_used             (abs)        000001
___sp                      stack        000000
___xxtofl                  text19       0006A6
___xxtofl@arg              cstackCOMRAM 00000B
___xxtofl@exp              cstackCOMRAM 00000A
___xxtofl@sign             cstackCOMRAM 000009
___xxtofl@val              cstackCOMRAM 000001
__accesstop                (abs)        000060
__activetblptr             (abs)        000002
__end_of_ADC_Init          text14       0011E8
__end_of_ADC_Read          text21       000F74
__end_of_Dutty_Pwm         text4        000CD0
__end_of_INT_EXT_1         intcodelo    000036
__end_of_INT_EX_0          intcode_body 0009AA
__end_of_PWM_generar       text10       0006A6
__end_of___flmul           text20       000464
__end_of___lldiv           text12       000E3C
__end_of___lmul            text11       001056
__end_of___lwdiv           text9        000FEA
__end_of___xxtofl          text19       00085A
__end_of__initialization   cinit        001134
__end_of_declet            text3        001106
__end_of_delay_s           text13       00117E
__end_of_eeprom_guardar    text2        0011AA
__end_of_eeprom_leer       text1        0011F6
__end_of_main              text0        000ED8
__end_of_mostrar_dec       text7        000D96
__end_of_mostrar_inc       text5        0010C0
__end_of_segment           text6        000ACC
__end_of_segment2          text8        000BEE
__end_ofi2_eeprom_guardar  text18       0011D6
__end_ofi2_eeprom_leer     text17       001204
__initialization           cinit        001106
__mediumconst              mediumconst  000000
__pbssBANK0                bssBANK0     000095
__pbssCOMRAM               bssCOMRAM    000036
__pcinit                   cinit        001106
__pcstackBANK0             cstackBANK0  000060
__pcstackCOMRAM            cstackCOMRAM 000001
__pdataBANK0               dataBANK0    000091
__pidataBANK0              idataBANK0   001204
__pintcode                 intcode      000008
__pintcode_body            intcode_body 00085A
__pintcodelo               intcodelo    000018
__ptext0                   text0        000E3C
__ptext1                   text1        0011E8
__ptext10                  text10       000464
__ptext11                  text11       000FEA
__ptext12                  text12       000D96
__ptext13                  text13       001142
__ptext14                  text14       0011D6
__ptext17                  text17       0011F6
__ptext18                  text18       0011AA
__ptext19                  text19       0006A6
__ptext2                   text2        00117E
__ptext20                  text20       00003A
__ptext21                  text21       000ED8
__ptext3                   text3        0010C0
__ptext4                   text4        000BEE
__ptext5                   text5        001056
__ptext6                   text6        0009AA
__ptext7                   text7        000CD0
__ptext8                   text8        000ACC
__ptext9                   text9        000F74
__ramtop                   ramtop       000800
__size_of_ADC_Init         (abs)        000000
__size_of_ADC_Read         (abs)        000000
__size_of_Dutty_Pwm        (abs)        000000
__size_of_INT_EXT_1        (abs)        000000
__size_of_INT_EX_0         (abs)        000000
__size_of_PWM_generar      (abs)        000000
__size_of___flmul          (abs)        000000
__size_of___lldiv          (abs)        000000
__size_of___lmul           (abs)        000000
__size_of___lwdiv          (abs)        000000
__size_of___xxtofl         (abs)        000000
__size_of_declet           (abs)        000000
__size_of_delay_s          (abs)        000000
__size_of_eeprom_guardar   (abs)        000000
__size_of_eeprom_leer      (abs)        000000
__size_of_main             (abs)        000000
__size_of_mostrar_dec      (abs)        000000
__size_of_mostrar_inc      (abs)        000000
__size_of_segment          (abs)        000000
__size_of_segment2         (abs)        000000
__size_ofi2_eeprom_guardar (abs)        000000
__size_ofi2_eeprom_leer    (abs)        000000
__smallconst               smallconst   000000
_declet                    text3        0010C0
_delay                     bssBANK0     000095
_delay_s                   text13       001142
_eeprom_guardar            text2        00117E
_eeprom_leer               text1        0011E8
_eprom                     bssCOMRAM    000036
_flag                      bssCOMRAM    000038
_main                      text0        000E3C
_mostrar_dec               text7        000CD0
_mostrar_inc               text5        001056
_segment                   text6        0009AA
_segment2                  text8        000ACC
btemp                      temp         00003A
delay_s@seconds            cstackBANK0  000061
eeprom_guardar@DATE        cstackBANK0  000063
eeprom_guardar@DIR         cstackBANK0  000061
eeprom_leer@DIR            cstackBANK0  000061
end_of_initialization      cinit        001134
i2_eeprom_guardar          text18       0011AA
i2_eeprom_leer             text17       0011F6
i2eeprom_guardar@DATE      cstackCOMRAM 000003
i2eeprom_guardar@DIR       cstackCOMRAM 000001
i2eeprom_leer@DIR          cstackCOMRAM 000001
int$flags                  temp         00003A
int_func                   intcode_body 00085A
intlevel0                  text         000000
intlevel1                  text         000000
intlevel2                  text         000000
intlevel3                  text         000000
mostrar_dec@duty           cstackBANK0  000082
mostrar_dec@par            cstackBANK0  000086
mostrar_dec@por_pwm        cstackBANK0  000084
mostrar_inc@duty           cstackBANK0  000068
mostrar_inc@par            cstackBANK0  00006C
mostrar_inc@por_pwm        cstackBANK0  00006A
segment2@centenas          cstackBANK0  000061
segment@centenas           cstackBANK0  000061
stackhi                    (abs)        0007FF
stacklo                    (abs)        000097
start                      init         000036
start_initialization       cinit        001106
ttemp5                     temp         00003B
ttemp6                     temp         00003E
ttemp7                     temp         000042
wtemp8                     temp         00003B


FUNCTION INFORMATION:

 *************** function _main *****************
 Defined at:
		line 74 in file "main.c"
 Parameters:    Size  Location     Type
		None
 Auto vars:     Size  Location     Type
  m               2    0        int 
  i               2    0        int 
 Return value:  Size  Location     Type
                  1    wreg      void 
 Registers used:
		wreg, status,2, status,0, cstack
 Tracked objects:
		On entry : 
		On exit  : 
		Unchanged: 
 Data sizes:     COMRAM   BANK0   BANK1   BANK2   BANK3   BANK4   BANK5   BANK6   BANK7
      Params:         0       0       0       0       0       0       0       0       0
      Locals:         0       0       0       0       0       0       0       0       0
      Temps:          0       1       0       0       0       0       0       0       0
      Totals:         0       1       0       0       0       0       0       0       0
Total ram usage:        1 bytes
 Hardware stack levels required when called:    7
 This function calls:
		_ADC_Init
		_Dutty_Pwm
		_declet
		_eeprom_guardar
		_eeprom_leer
 This function is called by:
		Startup code after reset
 This function uses a non-reentrant model


 *************** function _eeprom_leer *****************
 Defined at:
		line 25 in file "eeprom.c"
 Parameters:    Size  Location     Type
  DIR             2    1[BANK0 ] int 
 Auto vars:     Size  Location     Type
		None
 Return value:  Size  Location     Type
                  1    wreg      unsigned char 
 Registers used:
		wreg, status,2
 Tracked objects:
		On entry : 
		On exit  : 
		Unchanged: 
 Data sizes:     COMRAM   BANK0   BANK1   BANK2   BANK3   BANK4   BANK5   BANK6   BANK7
      Params:         0       2       0       0       0       0       0       0       0
      Locals:         0       0       0       0       0       0       0       0       0
      Temps:          0       0       0       0       0       0       0       0       0
      Totals:         0       2       0       0       0       0       0       0       0
Total ram usage:        2 bytes
 Hardware stack levels used:    1
 Hardware stack levels required when called:    3
 This function calls:
		Nothing
 This function is called by:
		_main
 This function uses a non-reentrant model


 *************** function _eeprom_guardar *****************
 Defined at:
		line 9 in file "eeprom.c"
 Parameters:    Size  Location     Type
  DIR             2    1[BANK0 ] int 
  DATE            1    3[BANK0 ] unsigned char 
 Auto vars:     Size  Location     Type
		None
 Return value:  Size  Location     Type
                  1    wreg      void 
 Registers used:
		wreg, status,2
 Tracked objects:
		On entry : 
		On exit  : 
		Unchanged: 
 Data sizes:     COMRAM   BANK0   BANK1   BANK2   BANK3   BANK4   BANK5   BANK6   BANK7
      Params:         0       3       0       0       0       0       0       0       0
      Locals:         0       0       0       0       0       0       0       0       0
      Temps:          0       0       0       0       0       0       0       0       0
      Totals:         0       3       0       0       0       0       0       0       0
Total ram usage:        3 bytes
 Hardware stack levels used:    1
 Hardware stack levels required when called:    3
 This function calls:
		Nothing
 This function is called by:
		_main
		_eeprom_guardar_cadena
 This function uses a non-reentrant model


 *************** function _declet *****************
 Defined at:
		line 116 in file "process.c"
 Parameters:    Size  Location     Type
		None
 Auto vars:     Size  Location     Type
		None
 Return value:  Size  Location     Type
                  1    wreg      void 
 Registers used:
		wreg, status,2
 Tracked objects:
		On entry : 
		On exit  : 
		Unchanged: 
 Data sizes:     COMRAM   BANK0   BANK1   BANK2   BANK3   BANK4   BANK5   BANK6   BANK7
      Params:         0       0       0       0       0       0       0       0       0
      Locals:         0       0       0       0       0       0       0       0       0
      Temps:          0       0       0       0       0       0       0       0       0
      Totals:         0       0       0       0       0       0       0       0       0
Total ram usage:        0 bytes
 Hardware stack levels used:    1
 Hardware stack levels required when called:    3
 This function calls:
		Nothing
 This function is called by:
		_main
 This function uses a non-reentrant model


 *************** function _Dutty_Pwm *****************
 Defined at:
		line 146 in file "process.c"
 Parameters:    Size  Location     Type
  fpwm            2   40[BANK0 ] unsigned int 
  delay           2   42[BANK0 ] unsigned int 
 Auto vars:     Size  Location     Type
  k               2   46[BANK0 ] int 
  i               2   44[BANK0 ] int 
 Return value:  Size  Location     Type
                  1    wreg      void 
 Registers used:
		wreg, status,2, status,0, cstack
 Tracked objects:
		On entry : 
		On exit  : 
		Unchanged: 
 Data sizes:     COMRAM   BANK0   BANK1   BANK2   BANK3   BANK4   BANK5   BANK6   BANK7
      Params:         0       4       0       0       0       0       0       0       0
      Locals:         0       4       0       0       0       0       0       0       0
      Temps:          0       0       0       0       0       0       0       0       0
      Totals:         0       8       0       0       0       0       0       0       0
Total ram usage:        8 bytes
 Hardware stack levels used:    1
 Hardware stack levels required when called:    6
 This function calls:
		_PWM_generar
		_delay_s
		_mostrar_dec
		_mostrar_inc
 This function is called by:
		_main
 This function uses a non-reentrant model


 *************** function _mostrar_inc *****************
 Defined at:
		line 11 in file "process.c"
 Parameters:    Size  Location     Type
  duty            2    8[BANK0 ] unsigned int 
 Auto vars:     Size  Location     Type
  par             2   12[BANK0 ] int 
  por_pwm         2   10[BANK0 ] int 
 Return value:  Size  Location     Type
                  1    wreg      void 
 Registers used:
		wreg, status,2, status,0, cstack
 Tracked objects:
		On entry : 
		On exit  : 
		Unchanged: 
 Data sizes:     COMRAM   BANK0   BANK1   BANK2   BANK3   BANK4   BANK5   BANK6   BANK7
      Params:         0       2       0       0       0       0       0       0       0
      Locals:         0       4       0       0       0       0       0       0       0
      Temps:          0       0       0       0       0       0       0       0       0
      Totals:         0       6       0       0       0       0       0       0       0
Total ram usage:        6 bytes
 Hardware stack levels used:    1
 Hardware stack levels required when called:    4
 This function calls:
		___lwdiv
		_segment
 This function is called by:
		_Dutty_Pwm
		_demo_Dutty_Pwm
 This function uses a non-reentrant model


 *************** function _segment *****************
 Defined at:
		line 48 in file "process.c"
 Parameters:    Size  Location     Type
  centenas        2    1[BANK0 ] unsigned int 
 Auto vars:     Size  Location     Type
		None
 Return value:  Size  Location     Type
                  1    wreg      void 
 Registers used:
		wreg, status,2, status,0
 Tracked objects:
		On entry : 
		On exit  : 
		Unchanged: 
 Data sizes:     COMRAM   BANK0   BANK1   BANK2   BANK3   BANK4   BANK5   BANK6   BANK7
      Params:         0       2       0       0       0       0       0       0       0
      Locals:         0       0       0       0       0       0       0       0       0
      Temps:          0       0       0       0       0       0       0       0       0
      Totals:         0       2       0       0       0       0       0       0       0
Total ram usage:        2 bytes
 Hardware stack levels used:    1
 Hardware stack levels required when called:    3
 This function calls:
		Nothing
 This function is called by:
		_mostrar_inc
 This function uses a non-reentrant model


 *************** function _mostrar_dec *****************
 Defined at:
		line 26 in file "process.c"
 Parameters:    Size  Location     Type
  duty            2   34[BANK0 ] unsigned int 
 Auto vars:     Size  Location     Type
  par             2   38[BANK0 ] int 
  por_pwm         2   36[BANK0 ] int 
 Return value:  Size  Location     Type
                  1    wreg      void 
 Registers used:
		wreg, status,2, status,0, cstack
 Tracked objects:
		On entry : 
		On exit  : 
		Unchanged: 
 Data sizes:     COMRAM   BANK0   BANK1   BANK2   BANK3   BANK4   BANK5   BANK6   BANK7
      Params:         0       2       0       0       0       0       0       0       0
      Locals:         0       4       0       0       0       0       0       0       0
      Temps:          0       0       0       0       0       0       0       0       0
      Totals:         0       6       0       0       0       0       0       0       0
Total ram usage:        6 bytes
 Hardware stack levels used:    1
 Hardware stack levels required when called:    5
 This function calls:
		_PWM_generar
		___lwdiv
		_segment2
 This function is called by:
		_Dutty_Pwm
		_demo_Dutty_Pwm
 This function uses a non-reentrant model


 *************** function _segment2 *****************
 Defined at:
		line 82 in file "process.c"
 Parameters:    Size  Location     Type
  centenas        2    1[BANK0 ] unsigned int 
 Auto vars:     Size  Location     Type
		None
 Return value:  Size  Location     Type
                  1    wreg      void 
 Registers used:
		wreg, status,2, status,0
 Tracked objects:
		On entry : 
		On exit  : 
		Unchanged: 
 Data sizes:     COMRAM   BANK0   BANK1   BANK2   BANK3   BANK4   BANK5   BANK6   BANK7
      Params:         0       2       0       0       0       0       0       0       0
      Locals:         0       0       0       0       0       0       0       0       0
      Temps:          0       0       0       0       0       0       0       0       0
      Totals:         0       2       0       0       0       0       0       0       0
Total ram usage:        2 bytes
 Hardware stack levels used:    1
 Hardware stack levels required when called:    3
 This function calls:
		Nothing
 This function is called by:
		_mostrar_dec
 This function uses a non-reentrant model


 *************** function ___lwdiv *****************
 Defined at:
		line 7 in file "/opt/microchip/xc8/v2.10/pic/sources/c99/common/lwdiv.c"
 Parameters:    Size  Location     Type
  dividend        2    1[BANK0 ] unsigned int 
  divisor         2    3[BANK0 ] unsigned int 
 Auto vars:     Size  Location     Type
  quotient        2    5[BANK0 ] unsigned int 
  counter         1    7[BANK0 ] unsigned char 
 Return value:  Size  Location     Type
                  2    1[BANK0 ] unsigned int 
 Registers used:
		wreg, status,2, status,0
 Tracked objects:
		On entry : 
		On exit  : 
		Unchanged: 
 Data sizes:     COMRAM   BANK0   BANK1   BANK2   BANK3   BANK4   BANK5   BANK6   BANK7
      Params:         0       4       0       0       0       0       0       0       0
      Locals:         0       3       0       0       0       0       0       0       0
      Temps:          0       0       0       0       0       0       0       0       0
      Totals:         0       7       0       0       0       0       0       0       0
Total ram usage:        7 bytes
 Hardware stack levels used:    1
 Hardware stack levels required when called:    3
 This function calls:
		Nothing
 This function is called by:
		_mostrar_inc
		_mostrar_dec
 This function uses a non-reentrant model


 *************** function _PWM_generar *****************
 Defined at:
		line 10 in file "PWM.c"
 Parameters:    Size  Location     Type
  duty            2   14[BANK0 ] unsigned int 
  fpwm            2   16[BANK0 ] unsigned int 
 Auto vars:     Size  Location     Type
  AuxCCPR2L       4   30[BANK0 ] unsigned long 
  PR2cal          4   26[BANK0 ] unsigned long 
  AuxCCP2CON      2   24[BANK0 ] unsigned int 
  prescalador     2   22[BANK0 ] unsigned int 
 Return value:  Size  Location     Type
                  1    wreg      void 
 Registers used:
		wreg, status,2, status,0, cstack
 Tracked objects:
		On entry : 
		On exit  : 
		Unchanged: 
 Data sizes:     COMRAM   BANK0   BANK1   BANK2   BANK3   BANK4   BANK5   BANK6   BANK7
      Params:         0       4       0       0       0       0       0       0       0
      Locals:         0      12       0       0       0       0       0       0       0
      Temps:          0       4       0       0       0       0       0       0       0
      Totals:         0      20       0       0       0       0       0       0       0
Total ram usage:       20 bytes
 Hardware stack levels used:    1
 Hardware stack levels required when called:    4
 This function calls:
		___lldiv
		___lmul
 This function is called by:
		_mostrar_dec
		_Dutty_Pwm
		_demo_Dutty_Pwm
 This function uses a non-reentrant model


 *************** function ___lmul *****************
 Defined at:
		line 15 in file "/opt/microchip/xc8/v2.10/pic/sources/c99/common/Umul32.c"
 Parameters:    Size  Location     Type
  multiplier      4    1[BANK0 ] unsigned long 
  multiplicand    4    5[BANK0 ] unsigned long 
 Auto vars:     Size  Location     Type
  product         4    9[BANK0 ] unsigned long 
 Return value:  Size  Location     Type
                  4    1[BANK0 ] unsigned long 
 Registers used:
		wreg, status,2, status,0
 Tracked objects:
		On entry : 
		On exit  : 
		Unchanged: 
 Data sizes:     COMRAM   BANK0   BANK1   BANK2   BANK3   BANK4   BANK5   BANK6   BANK7
      Params:         0       8       0       0       0       0       0       0       0
      Locals:         0       4       0       0       0       0       0       0       0
      Temps:          0       0       0       0       0       0       0       0       0
      Totals:         0      12       0       0       0       0       0       0       0
Total ram usage:       12 bytes
 Hardware stack levels used:    1
 Hardware stack levels required when called:    3
 This function calls:
		Nothing
 This function is called by:
		_PWM_generar
 This function uses a non-reentrant model


 *************** function ___lldiv *****************
 Defined at:
		line 7 in file "/opt/microchip/xc8/v2.10/pic/sources/c99/common/__lldiv.c"
 Parameters:    Size  Location     Type
  dividend        4    1[BANK0 ] unsigned long 
  divisor         4    5[BANK0 ] unsigned long 
 Auto vars:     Size  Location     Type
  quotient        4    9[BANK0 ] unsigned long 
  counter         1   13[BANK0 ] unsigned char 
 Return value:  Size  Location     Type
                  4    1[BANK0 ] unsigned long 
 Registers used:
		wreg, status,2, status,0
 Tracked objects:
		On entry : 
		On exit  : 
		Unchanged: 
 Data sizes:     COMRAM   BANK0   BANK1   BANK2   BANK3   BANK4   BANK5   BANK6   BANK7
      Params:         0       8       0       0       0       0       0       0       0
      Locals:         0       5       0       0       0       0       0       0       0
      Temps:          0       0       0       0       0       0       0       0       0
      Totals:         0      13       0       0       0       0       0       0       0
Total ram usage:       13 bytes
 Hardware stack levels used:    1
 Hardware stack levels required when called:    3
 This function calls:
		Nothing
 This function is called by:
		_PWM_generar
 This function uses a non-reentrant model


 *************** function _delay_s *****************
 Defined at:
		line 136 in file "process.c"
 Parameters:    Size  Location     Type
  seconds         2    1[BANK0 ] unsigned int 
 Auto vars:     Size  Location     Type
		None
 Return value:  Size  Location     Type
                  1    wreg      void 
 Registers used:
		wreg, status,2, status,0
 Tracked objects:
		On entry : 
		On exit  : 
		Unchanged: 
 Data sizes:     COMRAM   BANK0   BANK1   BANK2   BANK3   BANK4   BANK5   BANK6   BANK7
      Params:         0       2       0       0       0       0       0       0       0
      Locals:         0       0       0       0       0       0       0       0       0
      Temps:          0       2       0       0       0       0       0       0       0
      Totals:         0       4       0       0       0       0       0       0       0
Total ram usage:        4 bytes
 Hardware stack levels used:    1
 Hardware stack levels required when called:    3
 This function calls:
		Nothing
 This function is called by:
		_Dutty_Pwm
 This function uses a non-reentrant model


 *************** function _ADC_Init *****************
 Defined at:
		line 11 in file "adc.c"
 Parameters:    Size  Location     Type
		None
 Auto vars:     Size  Location     Type
		None
 Return value:  Size  Location     Type
                  1    wreg      void 
 Registers used:
		wreg, status,2
 Tracked objects:
		On entry : 
		On exit  : 
		Unchanged: 
 Data sizes:     COMRAM   BANK0   BANK1   BANK2   BANK3   BANK4   BANK5   BANK6   BANK7
      Params:         0       0       0       0       0       0       0       0       0
      Locals:         0       0       0       0       0       0       0       0       0
      Temps:          0       0       0       0       0       0       0       0       0
      Totals:         0       0       0       0       0       0       0       0       0
Total ram usage:        0 bytes
 Hardware stack levels used:    1
 Hardware stack levels required when called:    3
 This function calls:
		Nothing
 This function is called by:
		_main
 This function uses a non-reentrant model


 *************** function _INT_EXT_1 *****************
 Defined at:
		line 66 in file "main.c"
 Parameters:    Size  Location     Type
		None
 Auto vars:     Size  Location     Type
		None
 Return value:  Size  Location     Type
                  1    wreg      void 
 Registers used:
		None
 Tracked objects:
		On entry : 
		On exit  : 
		Unchanged: 
 Data sizes:     COMRAM   BANK0   BANK1   BANK2   BANK3   BANK4   BANK5   BANK6   BANK7
      Params:         0       0       0       0       0       0       0       0       0
      Locals:         0       0       0       0       0       0       0       0       0
      Temps:          0       1       0       0       0       0       0       0       0
      Totals:         0       1       0       0       0       0       0       0       0
Total ram usage:        1 bytes
 Hardware stack levels used:    1
 Hardware stack levels required when called:    2
 This function calls:
		Nothing
 This function is called by:
		Interrupt level 1
 This function uses a non-reentrant model


 *************** function _INT_EX_0 *****************
 Defined at:
		line 36 in file "main.c"
 Parameters:    Size  Location     Type
		None
 Auto vars:     Size  Location     Type
  voltage         4    0        float 
  j               2   51[COMRAM] int 
  i               2   49[COMRAM] int 
  digital         2   47[COMRAM] int 
  k               2    0        int 
 Return value:  Size  Location     Type
                  1    wreg      void 
 Registers used:
		wreg, status,2, status,0, prodl, prodh, cstack
 Tracked objects:
		On entry : 
		On exit  : 
		Unchanged: 
 Data sizes:     COMRAM   BANK0   BANK1   BANK2   BANK3   BANK4   BANK5   BANK6   BANK7
      Params:         0       0       0       0       0       0       0       0       0
      Locals:        10       0       0       0       0       0       0       0       0
      Temps:          4       0       0       0       0       0       0       0       0
      Totals:        14       0       0       0       0       0       0       0       0
Total ram usage:       14 bytes
 Hardware stack levels used:    1
 Hardware stack levels required when called:    1
 This function calls:
		_ADC_Read
		___flmul
		___xxtofl
		i2_eeprom_guardar
		i2_eeprom_leer
 This function is called by:
		Interrupt level 2
 This function uses a non-reentrant model


 *************** function i2_eeprom_leer *****************
 Defined at:
		line 25 in file "eeprom.c"
 Parameters:    Size  Location     Type
  DIR             2    0[COMRAM] int 
 Auto vars:     Size  Location     Type
		None
 Return value:  Size  Location     Type
                  1    wreg      unsigned char 
 Registers used:
		wreg, status,2
 Tracked objects:
		On entry : 
		On exit  : 
		Unchanged: 
 Data sizes:     COMRAM   BANK0   BANK1   BANK2   BANK3   BANK4   BANK5   BANK6   BANK7
      Params:         2       0       0       0       0       0       0       0       0
      Locals:         0       0       0       0       0       0       0       0       0
      Temps:          0       0       0       0       0       0       0       0       0
      Totals:         2       0       0       0       0       0       0       0       0
Total ram usage:        2 bytes
 Hardware stack levels used:    1
 This function calls:
		Nothing
 This function is called by:
		_INT_EX_0
 This function uses a non-reentrant model


 *************** function i2_eeprom_guardar *****************
 Defined at:
		line 9 in file "eeprom.c"
 Parameters:    Size  Location     Type
  DIR             2    0[COMRAM] int 
  DATE            1    2[COMRAM] unsigned char 
 Auto vars:     Size  Location     Type
		None
 Return value:  Size  Location     Type
                  1    wreg      void 
 Registers used:
		wreg, status,2
 Tracked objects:
		On entry : 
		On exit  : 
		Unchanged: 
 Data sizes:     COMRAM   BANK0   BANK1   BANK2   BANK3   BANK4   BANK5   BANK6   BANK7
      Params:         3       0       0       0       0       0       0       0       0
      Locals:         0       0       0       0       0       0       0       0       0
      Temps:          0       0       0       0       0       0       0       0       0
      Totals:         3       0       0       0       0       0       0       0       0
Total ram usage:        3 bytes
 Hardware stack levels used:    1
 This function calls:
		Nothing
 This function is called by:
		_INT_EX_0
 This function uses a non-reentrant model


 *************** function ___xxtofl *****************
 Defined at:
		line 10 in file "/opt/microchip/xc8/v2.10/pic/sources/c99/common/xxtofl.c"
 Parameters:    Size  Location     Type
  sign            1    wreg     unsigned char 
  val             4    0[COMRAM] long 
 Auto vars:     Size  Location     Type
  sign            1    8[COMRAM] unsigned char 
  arg             4   10[COMRAM] unsigned long 
  exp             1    9[COMRAM] unsigned char 
 Return value:  Size  Location     Type
                  4    0[COMRAM] unsigned char 
 Registers used:
		wreg, status,2, status,0
 Tracked objects:
		On entry : 
		On exit  : 
		Unchanged: 
 Data sizes:     COMRAM   BANK0   BANK1   BANK2   BANK3   BANK4   BANK5   BANK6   BANK7
      Params:         4       0       0       0       0       0       0       0       0
      Locals:         6       0       0       0       0       0       0       0       0
      Temps:          4       0       0       0       0       0       0       0       0
      Totals:        14       0       0       0       0       0       0       0       0
Total ram usage:       14 bytes
 Hardware stack levels used:    1
 This function calls:
		Nothing
 This function is called by:
		_INT_EX_0
 This function uses a non-reentrant model


 *************** function ___flmul *****************
 Defined at:
		line 8 in file "/opt/microchip/xc8/v2.10/pic/sources/c99/common/sprcmul.c"
 Parameters:    Size  Location     Type
  b               4   14[COMRAM] unsigned char 
  a               4   18[COMRAM] unsigned char 
 Auto vars:     Size  Location     Type
  prod            4   33[COMRAM] struct .
  grs             4   27[COMRAM] unsigned long 
  temp            2   37[COMRAM] struct .
  bexp            1   32[COMRAM] unsigned char 
  aexp            1   31[COMRAM] unsigned char 
  sign            1   26[COMRAM] unsigned char 
 Return value:  Size  Location     Type
                  4   14[COMRAM] unsigned char 
 Registers used:
		wreg, status,2, status,0, prodl, prodh
 Tracked objects:
		On entry : 
		On exit  : 
		Unchanged: 
 Data sizes:     COMRAM   BANK0   BANK1   BANK2   BANK3   BANK4   BANK5   BANK6   BANK7
      Params:         8       0       0       0       0       0       0       0       0
      Locals:        13       0       0       0       0       0       0       0       0
      Temps:          4       0       0       0       0       0       0       0       0
      Totals:        25       0       0       0       0       0       0       0       0
Total ram usage:       25 bytes
 Hardware stack levels used:    1
 This function calls:
		Nothing
 This function is called by:
		_INT_EX_0
 This function uses a non-reentrant model


 *************** function _ADC_Read *****************
 Defined at:
		line 19 in file "adc.c"
 Parameters:    Size  Location     Type
  channel         2    0[COMRAM] int 
 Auto vars:     Size  Location     Type
  digital         2    6[COMRAM] int 
 Return value:  Size  Location     Type
                  2    0[COMRAM] int 
 Registers used:
		wreg, status,2, status,0
 Tracked objects:
		On entry : 
		On exit  : 
		Unchanged: 
 Data sizes:     COMRAM   BANK0   BANK1   BANK2   BANK3   BANK4   BANK5   BANK6   BANK7
      Params:         2       0       0       0       0       0       0       0       0
      Locals:         2       0       0       0       0       0       0       0       0
      Temps:          4       0       0       0       0       0       0       0       0
      Totals:         8       0       0       0       0       0       0       0       0
Total ram usage:        8 bytes
 Hardware stack levels used:    1
 This function calls:
		Nothing
 This function is called by:
		_INT_EX_0
 This function uses a non-reentrant model



MODULE INFORMATION

Module		Function		Class		Link	Load	Size
/opt/microchip/xc8/v2.10/pic/sources/c99/common/Umul32.c
		___lmul        		CODE           	0FEA	0000	109

/opt/microchip/xc8/v2.10/pic/sources/c99/common/Umul32.c estimated size: 109

/opt/microchip/xc8/v2.10/pic/sources/c99/common/xxtofl.c
		___xxtofl      		CODE           	06A6	0000	437

/opt/microchip/xc8/v2.10/pic/sources/c99/common/xxtofl.c estimated size: 437

/opt/microchip/xc8/v2.10/pic/sources/c99/common/lwdiv.c
		___lwdiv       		CODE           	0F74	0000	119

/opt/microchip/xc8/v2.10/pic/sources/c99/common/lwdiv.c estimated size: 119

eeprom.c
		_eeprom_guardar		CODE           	117E	0000	45
		_eeprom_leer   		CODE           	11E8	0000	15

eeprom.c estimated size: 60

adc.c
		_ADC_Read      		CODE           	0ED8	0000	157
		_ADC_Init      		CODE           	11D6	0000	19

adc.c estimated size: 176

process.c
		_declet        		CODE           	10C0	0000	71
		_segment       		CODE           	09AA	0000	291
		_segment2      		CODE           	0ACC	0000	291
		_Dutty_Pwm     		CODE           	0BEE	0000	227
		_delay_s       		CODE           	1142	0000	61
		_mostrar_dec   		CODE           	0CD0	0000	199
		_mostrar_inc   		CODE           	1056	0000	107

process.c estimated size: 1247

/opt/microchip/xc8/v2.10/pic/sources/c99/common/sprcmul.c
		___flmul       		CODE           	003A	0000	1067

/opt/microchip/xc8/v2.10/pic/sources/c99/common/sprcmul.c estimated size: 1067

PWM.c
		_PWM_generar   		CODE           	0464	0000	579

PWM.c estimated size: 579

shared
		__initialization		CODE           	1106	0000	47
		i2_eeprom_leer 		CODE           	11F6	0000	15
		i2_eeprom_guardar		CODE           	11AA	0000	45

shared estimated size: 107

/opt/microchip/xc8/v2.10/pic/sources/c99/common/__lldiv.c
		___lldiv       		CODE           	0D96	0000	167

/opt/microchip/xc8/v2.10/pic/sources/c99/common/__lldiv.c estimated size: 167

main.c
		_INT_EXT_1     		CODE           	0018	0000	31
		_main          		CODE           	0E3C	0000	157
		_INT_EX_0      		CODE           	0008	0000	343

main.c estimated size: 531

